Component: Arm Compiler for Embedded 6.21 Tool: armlink [5ec1fa00]

==============================================================================

Section Cross References

    main.o(.text.main) refers to clock.o(.text.set_firc_sysclk) for set_firc_sysclk
    main.o(.text.main) refers to lpuart.o(.text.init_lpuart) for init_lpuart
    main.o(.text.main) refers to main.o(.bss.process) for process
    main.o(.text.main) refers to main.o(.bss.index) for index
    main.o(.text.main) refers to main.o(.bss.string_user) for string_user
    main.o(.text.main) refers to strlen.o(.text) for strlen
    main.o(.text.main) refers to main.o(.rodata.str1.1) for .L.str
    main.o(.text.main) refers to sscanf.o(.text) for sscanf
    main.o(.text.main) refers to sprintf.o(.text) for sprintf
    main.o(.text.main) refers to lpuart.o(.text.transmitter_1_string) for transmitter_1_string
    main.o(.text.main) refers to lpuart.o(.text.transmitter_1_character) for transmitter_1_character
    main.o(.ARM.exidx.text.main) refers to main.o(.text.main) for [Anonymous Symbol]
    clock.o(.ARM.exidx.text.set_firc_sysclk) refers to clock.o(.text.set_firc_sysclk) for [Anonymous Symbol]
    clock.o(.ARM.exidx.text.set_sirc_sysclk) refers to clock.o(.text.set_sirc_sysclk) for [Anonymous Symbol]
    clock.o(.ARM.exidx.text.set_sosc_sysclk) refers to clock.o(.text.set_sosc_sysclk) for [Anonymous Symbol]
    clock.o(.ARM.exidx.text.set_spll_sysclk) refers to clock.o(.text.set_spll_sysclk) for [Anonymous Symbol]
    nvic.o(.ARM.exidx.text.set_enable_nvic_timer) refers to nvic.o(.text.set_enable_nvic_timer) for [Anonymous Symbol]
    nvic.o(.ARM.exidx.text.set_enable_nvic_lpuart_transmit) refers to nvic.o(.text.set_enable_nvic_lpuart_transmit) for [Anonymous Symbol]
    nvic.o(.ARM.exidx.text.set_enable_nvic_lpuart_receive) refers to nvic.o(.text.set_enable_nvic_lpuart_receive) for [Anonymous Symbol]
    delay.o(.text.timer_32_bit) refers to clock.o(.text.set_firc_sysclk) for set_firc_sysclk
    delay.o(.ARM.exidx.text.timer_32_bit) refers to delay.o(.text.timer_32_bit) for [Anonymous Symbol]
    delay.o(.text.timer_32_bit_interrupt) refers to clock.o(.text.set_firc_sysclk) for set_firc_sysclk
    delay.o(.text.timer_32_bit_interrupt) refers to nvic.o(.text.set_enable_nvic_timer) for set_enable_nvic_timer
    delay.o(.ARM.exidx.text.timer_32_bit_interrupt) refers to delay.o(.text.timer_32_bit_interrupt) for [Anonymous Symbol]
    delay.o(.text.timer_dual_16_bit) refers to clock.o(.text.set_firc_sysclk) for set_firc_sysclk
    delay.o(.ARM.exidx.text.timer_dual_16_bit) refers to delay.o(.text.timer_dual_16_bit) for [Anonymous Symbol]
    delay.o(.text.timer_dual_16_bit_interrupt) refers to clock.o(.text.set_firc_sysclk) for set_firc_sysclk
    delay.o(.text.timer_dual_16_bit_interrupt) refers to nvic.o(.text.set_enable_nvic_timer) for set_enable_nvic_timer
    delay.o(.ARM.exidx.text.timer_dual_16_bit_interrupt) refers to delay.o(.text.timer_dual_16_bit_interrupt) for [Anonymous Symbol]
    lpuart.o(.ARM.exidx.text.init_lpuart) refers to lpuart.o(.text.init_lpuart) for [Anonymous Symbol]
    lpuart.o(.text.intit_lpuart_interrupt) refers to clock.o(.text.set_firc_sysclk) for set_firc_sysclk
    lpuart.o(.text.intit_lpuart_interrupt) refers to nvic.o(.text.set_enable_nvic_lpuart_transmit) for set_enable_nvic_lpuart_transmit
    lpuart.o(.ARM.exidx.text.intit_lpuart_interrupt) refers to lpuart.o(.text.intit_lpuart_interrupt) for [Anonymous Symbol]
    lpuart.o(.ARM.exidx.text.transmitter_1_character) refers to lpuart.o(.text.transmitter_1_character) for [Anonymous Symbol]
    lpuart.o(.ARM.exidx.text.transmitter_1_string) refers to lpuart.o(.text.transmitter_1_string) for [Anonymous Symbol]
    lpuart.o(.ARM.exidx.text.receive_data) refers to lpuart.o(.text.receive_data) for [Anonymous Symbol]
    port_irqhandler.o(.ARM.exidx.text.PORTD_IRQHandler) refers to port_irqhandler.o(.text.PORTD_IRQHandler) for [Anonymous Symbol]
    port_irqhandler.o(.text.LPIT0_Ch0_IRQHandler) refers to port_irqhandler.o(.bss.i) for i
    port_irqhandler.o(.ARM.exidx.text.LPIT0_Ch0_IRQHandler) refers to port_irqhandler.o(.text.LPIT0_Ch0_IRQHandler) for [Anonymous Symbol]
    port_irqhandler.o(.ARM.exidx.text.PORTC_IRQHandler) refers to port_irqhandler.o(.text.PORTC_IRQHandler) for [Anonymous Symbol]
    startup.o(.text.init_data_bss) refers to startup_s32k144.o(.text) for __RAM_VECTOR_TABLE_SIZE
    startup.o(.text.init_data_bss) refers to startup.o(.rodata.s_vectors) for s_vectors
    startup.o(.ARM.exidx.text.init_data_bss) refers to startup.o(.text.init_data_bss) for [Anonymous Symbol]
    startup_s32k144.o(.text) refers (Special) to main.o(.text.main) for main
    startup_s32k144.o(.text) refers to startup_s32k144.o(FlashConfig) for FlashConfig
    startup_s32k144.o(.text) refers to startup_s32k144.o(RESET) for __Vectors
    startup_s32k144.o(.text) refers to system_s32k144.o(.text.SystemInit) for SystemInit
[...]
    _scanf_char_input                        0x000011e1   Thumb Code    12  scanf_char.o(.text)
    .text                                    0x000011e0   Section        0  scanf_char.o(.text)
    .text                                    0x0000120c   Section        0  _sgetc.o(.text)
    .text                                    0x0000124c   Section        0  _scanf_mbtowc.o(.text)
    .text                                    0x00001360   Section        0  _scanf_wctomb.o(.text)
    .text                                    0x00001448   Section        0  _scanf_wstr.o(.text)
    .text                                    0x00001518   Section      138  lludiv10.o(.text)
    .text                                    0x000015a2   Section        0  isspace.o(.text)
    .text                                    0x000015b4   Section        0  _printf_intcommon.o(.text)
    _fp_digits                               0x00001667   Thumb Code   432  _printf_fp_dec.o(.text)
    .text                                    0x00001666   Section        0  _printf_fp_dec.o(.text)
    .text                                    0x00001a84   Section        0  _printf_fp_hex.o(.text)
    .text                                    0x00001d80   Section        0  _printf_char.o(.text)
    .text                                    0x00001dac   Section        0  _printf_wchar.o(.text)
    .text                                    0x00001dd8   Section        0  _chval.o(.text)
    .text                                    0x00001df4   Section        0  _scanf.o(.text)
    _fp_value                                0x00002169   Thumb Code   588  scanf_fp.o(.text)
    .text                                    0x00002168   Section        0  scanf_fp.o(.text)
    .text                                    0x00002660   Section        0  _scanf_wcharmap.o(.text)
    .text                                    0x0000267e   Section        0  _mbrtoc16.o(.text)
    .text                                    0x000026be   Section        0  _c16rtomb.o(.text)
    .text                                    0x00002708   Section       16  rt_ctype_table.o(.text)
    .text                                    0x00002718   Section        8  rt_locale_intlibspace.o(.text)
    .text                                    0x00002720   Section        8  rt_errno_addr_intlibspace.o(.text)
    .text                                    0x00002728   Section       38  llshl.o(.text)
    .text                                    0x00002750   Section        0  _printf_fp_infnan.o(.text)
    .text                                    0x000027d0   Section        0  bigflt0.o(.text)
    .text                                    0x000028b4   Section        0  exit.o(.text)
    .text                                    0x000028c6   Section        0  _rserrno.o(.text)
    .text                                    0x000028dc   Section        0  scanf_hexfp.o(.text)
    .text                                    0x00002bfc   Section        0  scanf_infnan.o(.text)
    .text                                    0x00002d30   Section      124  strcmpv7em.o(.text)
    .text                                    0x00002dac   Section        2  use_no_semi.o(.text)
    .text                                    0x00002dae   Section        0  indicate_semi.o(.text)
    .text                                    0x00002db0   Section        0  sys_exit.o(.text)
    [Anonymous Symbol]                       0x00002dbc   Section        0  port_irqhandler.o(.text.LPIT0_Ch0_IRQHandler)
    [Anonymous Symbol]                       0x00002e0c   Section        0  port_irqhandler.o(.text.PORTC_IRQHandler)
    [Anonymous Symbol]                       0x00002e20   Section        0  port_irqhandler.o(.text.PORTD_IRQHandler)
    [Anonymous Symbol]                       0x00002e34   Section        0  system_s32k144.o(.text.SystemInit)
    [Anonymous Symbol]                       0x00002e88   Section        0  startup.o(.text.init_data_bss)
    [Anonymous Symbol]                       0x00002f28   Section        0  lpuart.o(.text.init_lpuart)
    [Anonymous Symbol]                       0x00002fc4   Section        0  main.o(.text.main)
    [Anonymous Symbol]                       0x00003110   Section        0  clock.o(.text.set_firc_sysclk)
    [Anonymous Symbol]                       0x0000319c   Section        0  lpuart.o(.text.transmitter_1_character)
    [Anonymous Symbol]                       0x000031d8   Section        0  lpuart.o(.text.transmitter_1_string)
    CL$$btod_d2e                             0x0000322c   Section       62  btod.o(CL$$btod_d2e)
    CL$$btod_d2e_denorm_low                  0x0000326a   Section       70  btod.o(CL$$btod_d2e_denorm_low)
    CL$$btod_d2e_norm_op1                    0x000032b0   Section       96  btod.o(CL$$btod_d2e_norm_op1)
    CL$$btod_div_common                      0x00003310   Section      824  btod.o(CL$$btod_div_common)
    CL$$btod_e2d                             0x00003648   Section      132  btod.o(CL$$btod_e2d)
    CL$$btod_e2e                             0x000036cc   Section      220  btod.o(CL$$btod_e2e)
    CL$$btod_ediv                            0x000037a8   Section       42  btod.o(CL$$btod_ediv)
    CL$$btod_edivd                           0x000037d2   Section       42  btod.o(CL$$btod_edivd)
    CL$$btod_emul                            0x000037fc   Section       42  btod.o(CL$$btod_emul)
    CL$$btod_emuld                           0x00003826   Section       42  btod.o(CL$$btod_emuld)
    CL$$btod_mult_common                     0x00003850   Section      580  btod.o(CL$$btod_mult_common)
    i.__ARM_fpclassify                       0x00003a94   Section        0  fpclassify.o(i.__ARM_fpclassify)
    i.__hardfp___mathlib_tofloat             0x00003ac8   Section        0  narrow.o(i.__hardfp___mathlib_tofloat)
    i.__hardfp_ldexp                         0x00003bc0   Section        0  ldexp.o(i.__hardfp_ldexp)
    i.__mathlib_dbl_overflow                 0x00003c90   Section        0  dunder.o(i.__mathlib_dbl_overflow)
    i.__mathlib_dbl_underflow                0x00003cb0   Section        0  dunder.o(i.__mathlib_dbl_underflow)
    i.__mathlib_narrow                       0x00003cd0   Section        0  narrow.o(i.__mathlib_narrow)
    i.__support_ldexp                        0x00003ce2   Section        0  ldexp.o(i.__support_ldexp)
    i._is_digit                              0x00003cf6   Section        0  __printf_wp.o(i._is_digit)
    i.frexp                                  0x00003d08   Section        0  frexp.o(i.frexp)
    locale$$code                             0x00003d94   Section       44  lc_numeric_c.o(locale$$code)
    locale$$code                             0x00003dc0   Section       44  lc_ctype_c.o(locale$$code)
    $v0                                      0x00003dec   Number         0  d2f.o(x$fpl$d2f)
    x$fpl$d2f                                0x00003dec   Section       98  d2f.o(x$fpl$d2f)
    $v0                                      0x00003e50   Number         0  dcheck1.o(x$fpl$dcheck1)
    x$fpl$dcheck1                            0x00003e50   Section       16  dcheck1.o(x$fpl$dcheck1)
    $v0                                      0x00003e60   Number         0  dcmpi.o(x$fpl$dcmpinf)
    x$fpl$dcmpinf                            0x00003e60   Section       24  dcmpi.o(x$fpl$dcmpinf)
    $v0                                      0x00003e78   Number         0  deqf.o(x$fpl$deqf)
    x$fpl$deqf                               0x00003e78   Section      120  deqf.o(x$fpl$deqf)
    $v0                                      0x00003ef0   Number         0  dleqf.o(x$fpl$dleqf)
    x$fpl$dleqf                              0x00003ef0   Section      120  dleqf.o(x$fpl$dleqf)
    $v0                                      0x00003f68   Number         0  dmul.o(x$fpl$dmul)
    x$fpl$dmul                               0x00003f68   Section      340  dmul.o(x$fpl$dmul)
    $v0                                      0x000040bc   Number         0  dnaninf.o(x$fpl$dnaninf)
    x$fpl$dnaninf                            0x000040bc   Section      156  dnaninf.o(x$fpl$dnaninf)
    $v0                                      0x00004158   Number         0  dretinf.o(x$fpl$dretinf)
    x$fpl$dretinf                            0x00004158   Section       12  dretinf.o(x$fpl$dretinf)
    $v0                                      0x00004164   Number         0  drleqf.o(x$fpl$drleqf)
    x$fpl$drleqf                             0x00004164   Section      108  drleqf.o(x$fpl$drleqf)
    $v0                                      0x000041d0   Number         0  fpinit.o(x$fpl$fpinit)
    x$fpl$fpinit                             0x000041d0   Section       26  fpinit.o(x$fpl$fpinit)
    $v0                                      0x000041ea   Number         0  fretinf.o(x$fpl$fretinf)
    x$fpl$fretinf                            0x000041ea   Section       10  fretinf.o(x$fpl$fretinf)
    $v0                                      0x000041f4   Number         0  istatus.o(x$fpl$ieeestatus)
    x$fpl$ieeestatus                         0x000041f4   Section        6  istatus.o(x$fpl$ieeestatus)
    $v0                                      0x000041fa   Number         0  printf1.o(x$fpl$printf1)
    x$fpl$printf1                            0x000041fa   Section        4  printf1.o(x$fpl$printf1)
    $v0                                      0x000041fe   Number         0  printf2.o(x$fpl$printf2)
    x$fpl$printf2                            0x000041fe   Section        4  printf2.o(x$fpl$printf2)
    $v0                                      0x00004202   Number         0  retnan.o(x$fpl$retnan)
    x$fpl$retnan                             0x00004202   Section      100  retnan.o(x$fpl$retnan)
    $v0                                      0x00004266   Number         0  scalbn.o(x$fpl$scalbn)
    x$fpl$scalbn                             0x00004266   Section       92  scalbn.o(x$fpl$scalbn)
    $v0                                      0x000042c2   Number         0  scanf1.o(x$fpl$scanf1)
    x$fpl$scanf1                             0x000042c2   Section        4  scanf1.o(x$fpl$scanf1)
    $v0                                      0x000042c6   Number         0  scanf2.o(x$fpl$scanf2)
    x$fpl$scanf2                             0x000042c6   Section        8  scanf2.o(x$fpl$scanf2)
    $v0                                      0x000042ce   Number         0  trapv.o(x$fpl$trapveneer)
    x$fpl$trapveneer                         0x000042ce   Section       48  trapv.o(x$fpl$trapveneer)
    x$fpl$usenofp                            0x000042fe   Section        0  usenofp.o(x$fpl$usenofp)
    .bss                                     0x20000000   Section       96  libspace.o(.bss)
    i                                        0x20000060   Data           4  port_irqhandler.o(.bss.i)
    [Anonymous Symbol]                       0x20000060   Section        0  port_irqhandler.o(.bss.i)
    index                                    0x20000064   Data           4  main.o(.bss.index)
    [Anonymous Symbol]                       0x20000064   Section        0  main.o(.bss.index)
    process                                  0x20000068   Data           4  main.o(.bss.process)
    [Anonymous Symbol]                       0x20000068   Section        0  main.o(.bss.process)
    string_user                              0x2000006c   Data        1001  main.o(.bss.string_user)
    [Anonymous Symbol]                       0x2000006c   Section        0  main.o(.bss.string_user)

    Global Symbols

    Symbol Name                              Value     Ov Type        Size  Object(Section)

    BuildAttributes$$THM_ISAv4$E$P$D$K$B$S$7EM$VFPi3$EXTD16$VFPS$VFMA$PE$A:L22UL41UL21$X:L11$S22US41US21$IEEE1$IW$~IW$USESV6$~STKCKD$USESV7$~SHL$OTIME$ROPI$IEEEX$EBA8$UX$STANDARDLIB$REQ8$PRES8$EABIv2 0x00000000   Number         0  anon$$obj.o ABSOLUTE
    Image$$RW_m_code$$Length                 0x00000000   Number         0  anon$$obj.o ABSOLUTE
    Image$$RW_m_data$$Length                 0x00000000   Number         0  anon$$obj.o ABSOLUTE
    Image$$VECTOR_RAM$$Length                0x00000000   Number         0  anon$$obj.o ABSOLUTE
    Image$$VECTOR_ROM$$Base                  0x00000000   Number         0  anon$$obj.o ABSOLUTE
    __Vectors                                0x00000000   Data           4  startup_s32k144.o(RESET)
    _printf_flags                            0x00000000   Number         0  printf_stubs.o ABSOLUTE
    _printf_return_value                     0x00000000   Number         0  printf_stubs.o ABSOLUTE
    _printf_sizespec                         0x00000000   Number         0  printf_stubs.o ABSOLUTE
    _printf_widthprec                        0x00000000   Number         0  printf_stubs.o ABSOLUTE
    Image$$ZI$$Limit                          - Undefined Weak Reference
    __ARM_exceptions_init                     - Undefined Weak Reference
    __alloca_initialize                       - Undefined Weak Reference
    __arm_preinit_                            - Undefined Weak Reference
    __arm_relocate_pie_                       - Undefined Weak Reference
    __cpp_initialize__aeabi_                  - Undefined Weak Reference
    __cxa_finalize                            - Undefined Weak Reference
    __sigvec_lookup                           - Undefined Weak Reference
    _atexit_init                              - Undefined Weak Reference
    _call_atexit_fns                          - Undefined Weak Reference
    _clock_init                               - Undefined Weak Reference
    _fp_trap_init                             - Undefined Weak Reference
    _fp_trap_shutdown                         - Undefined Weak Reference
    _get_lc_collate                           - Undefined Weak Reference
    _get_lc_monetary                          - Undefined Weak Reference
    _get_lc_time                              - Undefined Weak Reference
    _getenv_init                              - Undefined Weak Reference
    _handle_redirection                       - Undefined Weak Reference
    _init_alloc                               - Undefined Weak Reference
    _init_user_alloc                          - Undefined Weak Reference
    _initio                                   - Undefined Weak Reference
    _printf_mbtowc                            - Undefined Weak Reference
    _printf_wc                                - Undefined Weak Reference
    _rand_init                                - Undefined Weak Reference
    _signal_finish                            - Undefined Weak Reference
    _signal_init                              - Undefined Weak Reference
    _terminate_alloc                          - Undefined Weak Reference
    _terminate_user_alloc                     - Undefined Weak Reference
    _terminateio                              - Undefined Weak Reference
    Image$$VECTOR_ROM$$Length                0x00000230   Number         0  anon$$obj.o ABSOLUTE
    Image$$VECTOR_ROM$$Limit                 0x00000230   Number         0  anon$$obj.o ABSOLUTE
    Image$$ER_m_text_const$$Base             0x00000410   Number         0  anon$$obj.o ABSOLUTE
    __aeabi_HUGE_VAL                         0x00000518   Data           0  fpconst.o(c$$dinf)
    __aeabi_HUGE_VALL                        0x00000518   Data           0  fpconst.o(c$$dinf)
    __aeabi_INFINITY                         0x00000518   Data           0  fpconst.o(c$$dinf)
    __dInf                                   0x00000518   Data           0  fpconst.o(c$$dinf)
    __huge_val                               0x00000518   Data           0  fpconst.o(c$$dinf)
    __dbl_max                                0x00000520   Data           0  fpconst.o(c$$dmax)
    __ctype                                  0x00000551   Data           0  lc_ctype_c.o(locale$$data)
    Image$$ER_m_text_const$$Limit            0x00000654   Number         0  anon$$obj.o ABSOLUTE
    __main                                   0x00000659   Thumb Code     8  __main.o(!!!main)
    __scatterload                            0x00000661   Thumb Code     0  __scatter.o(!!!scatter)
    __scatterload_rt2                        0x00000661   Thumb Code    84  __scatter.o(!!!scatter)
    __scatterload_rt2_thumb_only             0x00000661   Thumb Code     0  __scatter.o(!!!scatter)
    __scatterload_loop                       0x0000066b   Thumb Code     0  __scatter.o(!!!scatter)
    __scatterload_null                       0x000006bd   Thumb Code     2  __scatter.o(!!handler_null)
    __scatterload_zeroinit                   0x000006c1   Thumb Code    28  __scatter_zi.o(!!handler_zi)
    _printf_n                                0x000006dd   Thumb Code     0  _printf_n.o(.ARM.Collect$$_printf_percent$$00000001)
    _printf_percent                          0x000006dd   Thumb Code     0  _printf_percent.o(.ARM.Collect$$_printf_percent$$00000000)
    _printf_p                                0x000006e3   Thumb Code     0  _printf_p.o(.ARM.Collect$$_printf_percent$$00000002)
    _printf_f                                0x000006e9   Thumb Code     0  _printf_f.o(.ARM.Collect$$_printf_percent$$00000003)
    _printf_e                                0x000006ef   Thumb Code     0  _printf_e.o(.ARM.Collect$$_printf_percent$$00000004)
    _printf_g                                0x000006f5   Thumb Code     0  _printf_g.o(.ARM.Collect$$_printf_percent$$00000005)
    _printf_a                                0x000006fb   Thumb Code     0  _printf_a.o(.ARM.Collect$$_printf_percent$$00000006)
    _printf_ll                               0x00000701   Thumb Code     0  _printf_ll.o(.ARM.Collect$$_printf_percent$$00000007)
    _printf_i                                0x0000070b   Thumb Code     0  _printf_i.o(.ARM.Collect$$_printf_percent$$00000008)
    _printf_d                                0x00000711   Thumb Code     0  _printf_d.o(.ARM.Collect$$_printf_percent$$00000009)
    _printf_u                                0x00000717   Thumb Code     0  _printf_u.o(.ARM.Collect$$_printf_percent$$0000000A)
    _printf_o                                0x0000071d   Thumb Code     0  _printf_o.o(.ARM.Collect$$_printf_percent$$0000000B)
    _printf_x                                0x00000723   Thumb Code     0  _printf_x.o(.ARM.Collect$$_printf_percent$$0000000C)
    _printf_lli                              0x00000729   Thumb Code     0  _printf_lli.o(.ARM.Collect$$_printf_percent$$0000000D)
    _printf_lld                              0x0000072f   Thumb Code     0  _printf_lld.o(.ARM.Collect$$_printf_percent$$0000000E)
    _printf_llu                              0x00000735   Thumb Code     0  _printf_llu.o(.ARM.Collect$$_printf_percent$$0000000F)
    _printf_llo                              0x0000073b   Thumb Code     0  _printf_llo.o(.ARM.Collect$$_printf_percent$$00000010)
    _printf_llx                              0x00000741   Thumb Code     0  _printf_llx.o(.ARM.Collect$$_printf_percent$$00000011)
    _printf_l                                0x00000747   Thumb Code     0  _printf_l.o(.ARM.Collect$$_printf_percent$$00000012)
    _printf_c                                0x00000751   Thumb Code     0  _printf_c.o(.ARM.Collect$$_printf_percent$$00000013)
    _printf_s                                0x00000757   Thumb Code     0  _printf_s.o(.ARM.Collect$$_printf_percent$$00000014)
    _printf_lc                               0x0000075d   Thumb Code     0  _printf_lc.o(.ARM.Collect$$_printf_percent$$00000015)
    _printf_ls                               0x00000763   Thumb Code     0  _printf_ls.o(.ARM.Collect$$_printf_percent$$00000016)
    _printf_percent_end                      0x00000769   Thumb Code     0  _printf_percent_end.o(.ARM.Collect$$_printf_percent$$00000017)
    __rt_lib_init                            0x0000076d   Thumb Code     0  libinit.o(.ARM.Collect$$libinit$$00000000)
    __rt_lib_init_fp_1                       0x0000076f   Thumb Code     0  libinit2.o(.ARM.Collect$$libinit$$00000001)
    __rt_lib_init_heap_1                     0x00000773   Thumb Code     0  libinit2.o(.ARM.Collect$$libinit$$0000000C)
    __rt_lib_init_lc_common                  0x00000773   Thumb Code     0  libinit2.o(.ARM.Collect$$libinit$$00000011)
    __rt_lib_init_preinit_1                  0x00000773   Thumb Code     0  libinit2.o(.ARM.Collect$$libinit$$00000006)
    __rt_lib_init_rand_1                     0x00000773   Thumb Code     0  libinit2.o(.ARM.Collect$$libinit$$00000010)
    __rt_lib_init_relocate_pie_1             0x00000773   Thumb Code     0  libinit2.o(.ARM.Collect$$libinit$$00000004)
    __rt_lib_init_user_alloc_1               0x00000773   Thumb Code     0  libinit2.o(.ARM.Collect$$libinit$$0000000E)
    __rt_lib_init_lc_collate_1               0x00000779   Thumb Code     0  libinit2.o(.ARM.Collect$$libinit$$00000013)
    __rt_lib_init_lc_ctype_2                 0x00000779   Thumb Code     0  libinit2.o(.ARM.Collect$$libinit$$00000014)
    __rt_lib_init_lc_ctype_1                 0x00000785   Thumb Code     0  libinit2.o(.ARM.Collect$$libinit$$00000015)
    __rt_lib_init_lc_monetary_1              0x00000785   Thumb Code     0  libinit2.o(.ARM.Collect$$libinit$$00000017)
    __rt_lib_init_lc_numeric_2               0x00000785   Thumb Code     0  libinit2.o(.ARM.Collect$$libinit$$00000018)
    __rt_lib_init_alloca_1                   0x0000078f   Thumb Code     0  libinit2.o(.ARM.Collect$$libinit$$00000030)
    __rt_lib_init_argv_1                     0x0000078f   Thumb Code     0  libinit2.o(.ARM.Collect$$libinit$$0000002E)
    __rt_lib_init_atexit_1                   0x0000078f   Thumb Code     0  libinit2.o(.ARM.Collect$$libinit$$0000001D)
    __rt_lib_init_clock_1                    0x0000078f   Thumb Code     0  libinit2.o(.ARM.Collect$$libinit$$00000023)
    __rt_lib_init_cpp_1                      0x0000078f   Thumb Code     0  libinit2.o(.ARM.Collect$$libinit$$00000034)
    __rt_lib_init_exceptions_1               0x0000078f   Thumb Code     0  libinit2.o(.ARM.Collect$$libinit$$00000032)
    __rt_lib_init_fp_trap_1                  0x0000078f   Thumb Code     0  libinit2.o(.ARM.Collect$$libinit$$00000021)
    __rt_lib_init_getenv_1                   0x0000078f   Thumb Code     0  libinit2.o(.ARM.Collect$$libinit$$00000025)
    __rt_lib_init_lc_numeric_1               0x0000078f   Thumb Code     0  libinit2.o(.ARM.Collect$$libinit$$00000019)
    __rt_lib_init_lc_time_1                  0x0000078f   Thumb Code     0  libinit2.o(.ARM.Collect$$libinit$$0000001B)
    __rt_lib_init_return                     0x0000078f   Thumb Code     0  libinit2.o(.ARM.Collect$$libinit$$00000035)
    __rt_lib_init_signal_1                   0x0000078f   Thumb Code     0  libinit2.o(.ARM.Collect$$libinit$$0000001F)
    __rt_lib_init_stdio_1                    0x0000078f   Thumb Code     0  libinit2.o(.ARM.Collect$$libinit$$00000027)
    __rt_lib_shutdown                        0x00000791   Thumb Code     0  libshutdown.o(.ARM.Collect$$libshutdown$$00000000)
    __rt_lib_shutdown_cpp_1                  0x00000793   Thumb Code     0  libshutdown2.o(.ARM.Collect$$libshutdown$$00000002)
    __rt_lib_shutdown_fp_trap_1              0x00000793   Thumb Code     0  libshutdown2.o(.ARM.Collect$$libshutdown$$00000007)
    __rt_lib_shutdown_heap_1                 0x00000793   Thumb Code     0  libshutdown2.o(.ARM.Collect$$libshutdown$$0000000F)
    __rt_lib_shutdown_return                 0x00000793   Thumb Code     0  libshutdown2.o(.ARM.Collect$$libshutdown$$00000010)
    __rt_lib_shutdown_signal_1               0x00000793   Thumb Code     0  libshutdown2.o(.ARM.Collect$$libshutdown$$0000000A)
    __rt_lib_shutdown_stdio_1                0x00000793   Thumb Code     0  libshutdown2.o(.ARM.Collect$$libshutdown$$00000004)
    __rt_lib_shutdown_user_alloc_1           0x00000793   Thumb Code     0  libshutdown2.o(.ARM.Collect$$libshutdown$$0000000C)
    __rt_entry                               0x00000795   Thumb Code     0  __rtentry.o(.ARM.Collect$$rtentry$$00000000)
    __rt_entry_presh_1                       0x00000795   Thumb Code     0  __rtentry2.o(.ARM.Collect$$rtentry$$00000002)
    __rt_entry_sh                            0x00000795   Thumb Code     0  __rtentry7.o(.ARM.Collect$$rtentry$$00000007)
    __rt_entry_li                            0x00000799   Thumb Code     0  __rtentry2.o(.ARM.Collect$$rtentry$$0000000A)
    __rt_entry_postsh_1                      0x00000799   Thumb Code     0  __rtentry2.o(.ARM.Collect$$rtentry$$00000009)
    __rt_entry_main                          0x0000079d   Thumb Code     0  __rtentry2.o(.ARM.Collect$$rtentry$$0000000D)
    __rt_entry_postli_1                      0x0000079d   Thumb Code     0  __rtentry2.o(.ARM.Collect$$rtentry$$0000000C)
    __rt_exit                                0x000007a9   Thumb Code     0  rtexit.o(.ARM.Collect$$rtexit$$00000000)
    __rt_exit_ls                             0x000007ab   Thumb Code     0  rtexit2.o(.ARM.Collect$$rtexit$$00000003)
    __rt_exit_prels_1                        0x000007ab   Thumb Code     0  rtexit2.o(.ARM.Collect$$rtexit$$00000002)
    __rt_exit_exit                           0x000007af   Thumb Code     0  rtexit2.o(.ARM.Collect$$rtexit$$00000004)
    __RAM_VECTOR_TABLE_SIZE                  0x000007b4   Data           4  startup_s32k144.o(.text)
    __VECTOR_RAM                             0x000007b8   Data           4  startup_s32k144.o(.text)
    __VECTOR_ROM                             0x000007bc   Data           4  startup_s32k144.o(.text)
    __VECTOR_ROM_START                       0x000007c0   Data           4  startup_s32k144.o(.text)
    __VECTOR_ROM_END                         0x000007c4   Data           4  startup_s32k144.o(.text)
    __CODE_ROM                               0x000007c8   Data           4  startup_s32k144.o(.text)
    __CODE_END                               0x000007cc   Data           4  startup_s32k144.o(.text)
    __CODE_RAM                               0x000007d0   Data           4  startup_s32k144.o(.text)
    __CODE_RAM_START                         0x000007d4   Data           4  startup_s32k144.o(.text)
    __CODE_RAM_END                           0x000007d8   Data           4  startup_s32k144.o(.text)
    __BSS_START                              0x000007dc   Data           4  startup_s32k144.o(.text)
    __BSS_END                                0x000007e0   Data           4  startup_s32k144.o(.text)
    __DATA_RAM                               0x000007e4   Data           4  startup_s32k144.o(.text)
    __DATA_RAM_START                         0x000007e8   Data           4  startup_s32k144.o(.text)
    __DATA_RAM_END                           0x000007ec   Data           4  startup_s32k144.o(.text)
    __DATA_ROM                               0x000007f0   Data           4  startup_s32k144.o(.text)
    __DATA_END                               0x000007f4   Data           4  startup_s32k144.o(.text)
    __CUSTOM_SECTION_START                   0x000007f8   Data           4  startup_s32k144.o(.text)
    __CUSTOM_SECTION_END                     0x000007fc   Data           4  startup_s32k144.o(.text)
    __RAM_START                              0x00000800   Data           4  startup_s32k144.o(.text)
    __RAM_END                                0x00000804   Data           4  startup_s32k144.o(.text)
    Reset_Handler                            0x00000809   Thumb Code    28  startup_s32k144.o(.text)
    NMI_Handler                              0x00000825   Thumb Code     2  startup_s32k144.o(.text)
    HardFault_Handler                        0x00000827   Thumb Code     2  startup_s32k144.o(.text)
    MemManage_Handler                        0x00000829   Thumb Code     2  startup_s32k144.o(.text)
    BusFault_Handler                         0x0000082b   Thumb Code     2  startup_s32k144.o(.text)
    UsageFault_Handler                       0x0000082d   Thumb Code     2  startup_s32k144.o(.text)
    SVC_Handler                              0x0000082f   Thumb Code     2  startup_s32k144.o(.text)
    DebugMon_Handler                         0x00000831   Thumb Code     2  startup_s32k144.o(.text)
    PendSV_Handler                           0x00000833   Thumb Code     2  startup_s32k144.o(.text)
    SysTick_Handler                          0x00000835   Thumb Code     2  startup_s32k144.o(.text)
    DefaultISR                               0x00000837   Thumb Code     2  startup_s32k144.o(.text)
    ADC0_IRQHandler                          0x00000839   Thumb Code     0  startup_s32k144.o(.text)
    ADC1_IRQHandler                          0x00000839   Thumb Code     0  startup_s32k144.o(.text)
    CAN0_Error_IRQHandler                    0x00000839   Thumb Code     0  startup_s32k144.o(.text)
    CAN0_ORed_0_15_MB_IRQHandler             0x00000839   Thumb Code     0  startup_s32k144.o(.text)
    CAN0_ORed_16_31_MB_IRQHandler            0x00000839   Thumb Code     0  startup_s32k144.o(.text)
    CAN0_ORed_IRQHandler                     0x00000839   Thumb Code     0  startup_s32k144.o(.text)
    CAN0_Wake_Up_IRQHandler                  0x00000839   Thumb Code     0  startup_s32k144.o(.text)
    CAN1_Error_IRQHandler                    0x00000839   Thumb Code     0  startup_s32k144.o(.text)
    CAN1_ORed_0_15_MB_IRQHandler             0x00000839   Thumb Code     0  startup_s32k144.o(.text)
    CAN1_ORed_IRQHandler                     0x00000839   Thumb Code     0  startup_s32k144.o(.text)
    CAN2_Error_IRQHandler                    0x00000839   Thumb Code     0  startup_s32k144.o(.text)
    CAN2_ORed_0_15_MB_IRQHandler             0x00000839   Thumb Code     0  startup_s32k144.o(.text)
    CAN2_ORed_IRQHandler                     0x00000839   Thumb Code     0  startup_s32k144.o(.text)
    CMP0_IRQHandler                          0x00000839   Thumb Code     0  startup_s32k144.o(.text)
    DMA0_IRQHandler                          0x00000839   Thumb Code     0  startup_s32k144.o(.text)
    DMA10_IRQHandler                         0x00000839   Thumb Code     0  startup_s32k144.o(.text)
    DMA11_IRQHandler                         0x00000839   Thumb Code     0  startup_s32k144.o(.text)
    DMA12_IRQHandler                         0x00000839   Thumb Code     0  startup_s32k144.o(.text)
    DMA13_IRQHandler                         0x00000839   Thumb Code     0  startup_s32k144.o(.text)
    DMA14_IRQHandler                         0x00000839   Thumb Code     0  startup_s32k144.o(.text)
    DMA15_IRQHandler                         0x00000839   Thumb Code     0  startup_s32k144.o(.text)
    DMA1_IRQHandler                          0x00000839   Thumb Code     0  startup_s32k144.o(.text)
    DMA2_IRQHandler                          0x00000839   Thumb Code     0  startup_s32k144.o(.text)
    DMA3_IRQHandler                          0x00000839   Thumb Code     0  startup_s32k144.o(.text)
    DMA4_IRQHandler                          0x00000839   Thumb Code     0  startup_s32k144.o(.text)
    DMA5_IRQHandler                          0x00000839   Thumb Code     0  startup_s32k144.o(.text)
    DMA6_IRQHandler                          0x00000839   Thumb Code     0  startup_s32k144.o(.text)
    DMA7_IRQHandler                          0x00000839   Thumb Code     0  startup_s32k144.o(.text)
    DMA8_IRQHandler                          0x00000839   Thumb Code     0  startup_s32k144.o(.text)
    DMA9_IRQHandler                          0x00000839   Thumb Code     0  startup_s32k144.o(.text)
    DMA_Error_IRQHandler                     0x00000839   Thumb Code     0  startup_s32k144.o(.text)
    ERM_double_fault_IRQHandler              0x00000839   Thumb Code     0  startup_s32k144.o(.text)
    ERM_single_fault_IRQHandler              0x00000839   Thumb Code     0  startup_s32k144.o(.text)
    FLEXIO_IRQHandler                        0x00000839   Thumb Code     0  startup_s32k144.o(.text)
    FTFC_Fault_IRQHandler                    0x00000839   Thumb Code     0  startup_s32k144.o(.text)
    FTFC_IRQHandler                          0x00000839   Thumb Code     0  startup_s32k144.o(.text)
    FTM0_Ch0_Ch1_IRQHandler                  0x00000839   Thumb Code     0  startup_s32k144.o(.text)
    FTM0_Ch2_Ch3_IRQHandler                  0x00000839   Thumb Code     0  startup_s32k144.o(.text)
    FTM0_Ch4_Ch5_IRQHandler                  0x00000839   Thumb Code     0  startup_s32k144.o(.text)
    FTM0_Ch6_Ch7_IRQHandler                  0x00000839   Thumb Code     0  startup_s32k144.o(.text)
    FTM0_Fault_IRQHandler                    0x00000839   Thumb Code     0  startup_s32k144.o(.text)
    FTM0_Ovf_Reload_IRQHandler               0x00000839   Thumb Code     0  startup_s32k144.o(.text)
    FTM1_Ch0_Ch1_IRQHandler                  0x00000839   Thumb Code     0  startup_s32k144.o(.text)
    FTM1_Ch2_Ch3_IRQHandler                  0x00000839   Thumb Code     0  startup_s32k144.o(.text)
    FTM1_Ch4_Ch5_IRQHandler                  0x00000839   Thumb Code     0  startup_s32k144.o(.text)
    FTM1_Ch6_Ch7_IRQHandler                  0x00000839   Thumb Code     0  startup_s32k144.o(.text)
    FTM1_Fault_IRQHandler                    0x00000839   Thumb Code     0  startup_s32k144.o(.text)
    FTM1_Ovf_Reload_IRQHandler               0x00000839   Thumb Code     0  startup_s32k144.o(.text)
    FTM2_Ch0_Ch1_IRQHandler                  0x00000839   Thumb Code     0  startup_s32k144.o(.text)
    FTM2_Ch2_Ch3_IRQHandler                  0x00000839   Thumb Code     0  startup_s32k144.o(.text)
    FTM2_Ch4_Ch5_IRQHandler                  0x00000839   Thumb Code     0  startup_s32k144.o(.text)
    FTM2_Ch6_Ch7_IRQHandler                  0x00000839   Thumb Code     0  startup_s32k144.o(.text)
    FTM2_Fault_IRQHandler                    0x00000839   Thumb Code     0  startup_s32k144.o(.text)
    FTM2_Ovf_Reload_IRQHandler               0x00000839   Thumb Code     0  startup_s32k144.o(.text)
    FTM3_Ch0_Ch1_IRQHandler                  0x00000839   Thumb Code     0  startup_s32k144.o(.text)
    FTM3_Ch2_Ch3_IRQHandler                  0x00000839   Thumb Code     0  startup_s32k144.o(.text)
    FTM3_Ch4_Ch5_IRQHandler                  0x00000839   Thumb Code     0  startup_s32k144.o(.text)
    FTM3_Ch6_Ch7_IRQHandler                  0x00000839   Thumb Code     0  startup_s32k144.o(.text)
    FTM3_Fault_IRQHandler                    0x00000839   Thumb Code     0  startup_s32k144.o(.text)
    FTM3_Ovf_Reload_IRQHandler               0x00000839   Thumb Code     0  startup_s32k144.o(.text)
    LPI2C0_Master_IRQHandler                 0x00000839   Thumb Code     0  startup_s32k144.o(.text)
    LPI2C0_Slave_IRQHandler                  0x00000839   Thumb Code     0  startup_s32k144.o(.text)
    LPIT0_Ch1_IRQHandler                     0x00000839   Thumb Code     0  startup_s32k144.o(.text)
    LPIT0_Ch2_IRQHandler                     0x00000839   Thumb Code     0  startup_s32k144.o(.text)
    LPIT0_Ch3_IRQHandler                     0x00000839   Thumb Code     0  startup_s32k144.o(.text)
    LPSPI0_IRQHandler                        0x00000839   Thumb Code     0  startup_s32k144.o(.text)
    LPSPI1_IRQHandler                        0x00000839   Thumb Code     0  startup_s32k144.o(.text)
    LPSPI2_IRQHandler                        0x00000839   Thumb Code     0  startup_s32k144.o(.text)
    LPTMR0_IRQHandler                        0x00000839   Thumb Code     0  startup_s32k144.o(.text)
    LPUART0_RxTx_IRQHandler                  0x00000839   Thumb Code     0  startup_s32k144.o(.text)
    LPUART1_RxTx_IRQHandler                  0x00000839   Thumb Code     0  startup_s32k144.o(.text)
    LPUART2_RxTx_IRQHandler                  0x00000839   Thumb Code     0  startup_s32k144.o(.text)
    LVD_LVW_IRQHandler                       0x00000839   Thumb Code     0  startup_s32k144.o(.text)
    MCM_IRQHandler                           0x00000839   Thumb Code     0  startup_s32k144.o(.text)
    PDB0_IRQHandler                          0x00000839   Thumb Code     0  startup_s32k144.o(.text)
    PDB1_IRQHandler                          0x00000839   Thumb Code     0  startup_s32k144.o(.text)
    PORTA_IRQHandler                         0x00000839   Thumb Code     0  startup_s32k144.o(.text)
    PORTB_IRQHandler                         0x00000839   Thumb Code     0  startup_s32k144.o(.text)
    PORTE_IRQHandler                         0x00000839   Thumb Code     0  startup_s32k144.o(.text)
    RCM_IRQHandler                           0x00000839   Thumb Code     0  startup_s32k144.o(.text)
    RTC_IRQHandler                           0x00000839   Thumb Code     0  startup_s32k144.o(.text)
    RTC_Seconds_IRQHandler                   0x00000839   Thumb Code     0  startup_s32k144.o(.text)
    Read_Collision_IRQHandler                0x00000839   Thumb Code     0  startup_s32k144.o(.text)
    Reserved100_IRQHandler                   0x00000839   Thumb Code     0  startup_s32k144.o(.text)
    Reserved103_IRQHandler                   0x00000839   Thumb Code     0  startup_s32k144.o(.text)
    Reserved105_IRQHandler                   0x00000839   Thumb Code     0  startup_s32k144.o(.text)
    Reserved106_IRQHandler                   0x00000839   Thumb Code     0  startup_s32k144.o(.text)
    Reserved107_IRQHandler                   0x00000839   Thumb Code     0  startup_s32k144.o(.text)
    Reserved110_IRQHandler                   0x00000839   Thumb Code     0  startup_s32k144.o(.text)
    Reserved112_IRQHandler                   0x00000839   Thumb Code     0  startup_s32k144.o(.text)
    Reserved113_IRQHandler                   0x00000839   Thumb Code     0  startup_s32k144.o(.text)
    Reserved114_IRQHandler                   0x00000839   Thumb Code     0  startup_s32k144.o(.text)
    Reserved45_IRQHandler                    0x00000839   Thumb Code     0  startup_s32k144.o(.text)
    Reserved46_IRQHandler                    0x00000839   Thumb Code     0  startup_s32k144.o(.text)
    Reserved48_IRQHandler                    0x00000839   Thumb Code     0  startup_s32k144.o(.text)
    Reserved50_IRQHandler                    0x00000839   Thumb Code     0  startup_s32k144.o(.text)
    Reserved52_IRQHandler                    0x00000839   Thumb Code     0  startup_s32k144.o(.text)
    Reserved53_IRQHandler                    0x00000839   Thumb Code     0  startup_s32k144.o(.text)
    Reserved54_IRQHandler                    0x00000839   Thumb Code     0  startup_s32k144.o(.text)
    Reserved58_IRQHandler                    0x00000839   Thumb Code     0  startup_s32k144.o(.text)
    Reserved59_IRQHandler                    0x00000839   Thumb Code     0  startup_s32k144.o(.text)
    Reserved69_IRQHandler                    0x00000839   Thumb Code     0  startup_s32k144.o(.text)
    Reserved70_IRQHandler                    0x00000839   Thumb Code     0  startup_s32k144.o(.text)
    Reserved71_IRQHandler                    0x00000839   Thumb Code     0  startup_s32k144.o(.text)
    Reserved72_IRQHandler                    0x00000839   Thumb Code     0  startup_s32k144.o(.text)
    Reserved81_IRQHandler                    0x00000839   Thumb Code     0  startup_s32k144.o(.text)
    Reserved82_IRQHandler                    0x00000839   Thumb Code     0  startup_s32k144.o(.text)
    Reserved83_IRQHandler                    0x00000839   Thumb Code     0  startup_s32k144.o(.text)
    Reserved86_IRQHandler                    0x00000839   Thumb Code     0  startup_s32k144.o(.text)
    Reserved87_IRQHandler                    0x00000839   Thumb Code     0  startup_s32k144.o(.text)
    Reserved88_IRQHandler                    0x00000839   Thumb Code     0  startup_s32k144.o(.text)
    Reserved89_IRQHandler                    0x00000839   Thumb Code     0  startup_s32k144.o(.text)
    Reserved90_IRQHandler                    0x00000839   Thumb Code     0  startup_s32k144.o(.text)
    Reserved91_IRQHandler                    0x00000839   Thumb Code     0  startup_s32k144.o(.text)
    Reserved92_IRQHandler                    0x00000839   Thumb Code     0  startup_s32k144.o(.text)
    Reserved93_IRQHandler                    0x00000839   Thumb Code     0  startup_s32k144.o(.text)
    Reserved99_IRQHandler                    0x00000839   Thumb Code     0  startup_s32k144.o(.text)
    SCG_IRQHandler                           0x00000839   Thumb Code     0  startup_s32k144.o(.text)
    SWI_IRQHandler                           0x00000839   Thumb Code     0  startup_s32k144.o(.text)
    WDOG_EWM_IRQHandler                      0x00000839   Thumb Code     0  startup_s32k144.o(.text)
    sprintf                                  0x00000851   Thumb Code    38  sprintf.o(.text)
    sscanf                                   0x0000087d   Thumb Code    52  sscanf.o(.text)
    strlen                                   0x000008b9   Thumb Code    62  strlen.o(.text)
    _printf_pre_padding                      0x000008f7   Thumb Code    44  _printf_pad.o(.text)
    _printf_post_padding                     0x00000923   Thumb Code    34  _printf_pad.o(.text)
    _printf_truncate_signed                  0x00000945   Thumb Code    18  _printf_truncate.o(.text)
    _printf_truncate_unsigned                0x00000957   Thumb Code    18  _printf_truncate.o(.text)
    _printf_str                              0x00000969   Thumb Code    82  _printf_str.o(.text)
    _printf_int_dec                          0x000009bd   Thumb Code   104  _printf_dec.o(.text)
    _printf_charcount                        0x00000a35   Thumb Code    40  _printf_charcount.o(.text)
    _printf_char_common                      0x00000a67   Thumb Code    32  _printf_char_common.o(.text)
    _sputc                                   0x00000a8d   Thumb Code    10  _sputc.o(.text)
    _printf_wctomb                           0x00000a99   Thumb Code   182  _printf_wctomb.o(.text)
    _printf_longlong_dec                     0x00000b55   Thumb Code   108  _printf_longlong_dec.o(.text)
    _printf_longlong_oct                     0x00000bd1   Thumb Code    68  _printf_oct_int_ll.o(.text)
    _printf_int_oct                          0x00000c15   Thumb Code    24  _printf_oct_int_ll.o(.text)
    _printf_ll_oct                           0x00000c2d   Thumb Code    12  _printf_oct_int_ll.o(.text)
    _printf_longlong_hex                     0x00000c41   Thumb Code    86  _printf_hex_int_ll_ptr.o(.text)
    _printf_int_hex                          0x00000c97   Thumb Code    28  _printf_hex_int_ll_ptr.o(.text)
    _printf_ll_hex                           0x00000cb3   Thumb Code    12  _printf_hex_int_ll_ptr.o(.text)
    _printf_hex_ptr                          0x00000cbf   Thumb Code    18  _printf_hex_int_ll_ptr.o(.text)
    __printf                                 0x00000cd5   Thumb Code   388  __printf_flags_ss_wp.o(.text)
    _scanf_longlong                          0x00000e5d   Thumb Code   342  _scanf_longlong.o(.text)
    _scanf_int                               0x00000fb3   Thumb Code   332  _scanf_int.o(.text)
    _scanf_string                            0x000010ff   Thumb Code   224  _scanf_str.o(.text)
    __vfscanf_char                           0x000011ed   Thumb Code    24  scanf_char.o(.text)
    _sgetc                                   0x0000120d   Thumb Code    30  _sgetc.o(.text)
    _sbackspace                              0x0000122b   Thumb Code    34  _sgetc.o(.text)
    _scanf_mbtowc                            0x0000124d   Thumb Code   276  _scanf_mbtowc.o(.text)
    _scanf_wctomb                            0x00001361   Thumb Code   232  _scanf_wctomb.o(.text)
    _scanf_wstring                           0x00001449   Thumb Code   208  _scanf_wstr.o(.text)
    _ll_udiv10                               0x00001519   Thumb Code   138  lludiv10.o(.text)
    isspace                                  0x000015a3   Thumb Code    18  isspace.o(.text)
    _printf_int_common                       0x000015b5   Thumb Code   178  _printf_intcommon.o(.text)
    _printf_fp_dec_real                      0x00001817   Thumb Code   620  _printf_fp_dec.o(.text)
    _printf_fp_hex_real                      0x00001a85   Thumb Code   756  _printf_fp_hex.o(.text)
    _printf_cs_common                        0x00001d81   Thumb Code    20  _printf_char.o(.text)
    _printf_char                             0x00001d95   Thumb Code    16  _printf_char.o(.text)
    _printf_string                           0x00001da5   Thumb Code     8  _printf_char.o(.text)
    _printf_lcs_common                       0x00001dad   Thumb Code    20  _printf_wchar.o(.text)
    _printf_wchar                            0x00001dc1   Thumb Code    16  _printf_wchar.o(.text)
    _printf_wstring                          0x00001dd1   Thumb Code     8  _printf_wchar.o(.text)
    _chval                                   0x00001dd9   Thumb Code    28  _chval.o(.text)
    __vfscanf                                0x00001df5   Thumb Code   878  _scanf.o(.text)
    _scanf_really_real                       0x000023b5   Thumb Code   684  scanf_fp.o(.text)
    _scanf_wcharmap                          0x00002661   Thumb Code    30  _scanf_wcharmap.o(.text)
    _mbrtoc16                                0x0000267f   Thumb Code    64  _mbrtoc16.o(.text)
    _mbrtowc                                 0x0000267f   Thumb Code     0  _mbrtoc16.o(.text)
    _c16rtomb                                0x000026bf   Thumb Code    72  _c16rtomb.o(.text)
    _wcrtomb                                 0x000026bf   Thumb Code     0  _c16rtomb.o(.text)
    __rt_ctype_table                         0x00002709   Thumb Code    16  rt_ctype_table.o(.text)
    __rt_locale                              0x00002719   Thumb Code     8  rt_locale_intlibspace.o(.text)
    __aeabi_errno_addr                       0x00002721   Thumb Code     8  rt_errno_addr_intlibspace.o(.text)
    __errno$intlibspace                      0x00002721   Thumb Code     0  rt_errno_addr_intlibspace.o(.text)
    __rt_errno_addr$intlibspace              0x00002721   Thumb Code     0  rt_errno_addr_intlibspace.o(.text)
    __aeabi_llsl                             0x00002729   Thumb Code     0  llshl.o(.text)
    _ll_shift_l                              0x00002729   Thumb Code    38  llshl.o(.text)
    _printf_fp_infnan                        0x00002751   Thumb Code   112  _printf_fp_infnan.o(.text)
    _btod_etento                             0x000027d1   Thumb Code   224  bigflt0.o(.text)
    exit                                     0x000028b5   Thumb Code    18  exit.o(.text)
    __read_errno                             0x000028c7   Thumb Code    10  _rserrno.o(.text)
    __set_errno                              0x000028d1   Thumb Code    12  _rserrno.o(.text)
    _scanf_really_hex_real                   0x000028dd   Thumb Code   786  scanf_hexfp.o(.text)
    _scanf_really_infnan                     0x00002bfd   Thumb Code   292  scanf_infnan.o(.text)
    strcmp                                   0x00002d31   Thumb Code   124  strcmpv7em.o(.text)
    __I$use$semihosting                      0x00002dad   Thumb Code     0  use_no_semi.o(.text)
    __use_no_semihosting_swi                 0x00002dad   Thumb Code     2  use_no_semi.o(.text)
    __semihosting_library_function           0x00002daf   Thumb Code     0  indicate_semi.o(.text)
    _sys_exit                                0x00002db1   Thumb Code     8  sys_exit.o(.text)
    LPIT0_Ch0_IRQHandler                     0x00002dbd   Thumb Code    78  port_irqhandler.o(.text.LPIT0_Ch0_IRQHandler)
    PORTC_IRQHandler                         0x00002e0d   Thumb Code    18  port_irqhandler.o(.text.PORTC_IRQHandler)
    PORTD_IRQHandler                         0x00002e21   Thumb Code    18  port_irqhandler.o(.text.PORTD_IRQHandler)
    SystemInit                               0x00002e35   Thumb Code    82  system_s32k144.o(.text.SystemInit)
    init_data_bss                            0x00002e89   Thumb Code   160  startup.o(.text.init_data_bss)
    init_lpuart                              0x00002f29   Thumb Code   154  lpuart.o(.text.init_lpuart)
    main                                     0x00002fc5   Thumb Code   332  main.o(.text.main)
    set_firc_sysclk                          0x00003111   Thumb Code   138  clock.o(.text.set_firc_sysclk)
    transmitter_1_character                  0x0000319d   Thumb Code    60  lpuart.o(.text.transmitter_1_character)
    transmitter_1_string                     0x000031d9   Thumb Code    84  lpuart.o(.text.transmitter_1_string)
    _btod_d2e                                0x0000322d   Thumb Code    62  btod.o(CL$$btod_d2e)
    _d2e_denorm_low                          0x0000326b   Thumb Code    70  btod.o(CL$$btod_d2e_denorm_low)
    _d2e_norm_op1                            0x000032b1   Thumb Code    96  btod.o(CL$$btod_d2e_norm_op1)
    __btod_div_common                        0x00003311   Thumb Code   696  btod.o(CL$$btod_div_common)
    _e2d                                     0x00003649   Thumb Code   122  btod.o(CL$$btod_e2d)
    _e2e                                     0x000036cd   Thumb Code   220  btod.o(CL$$btod_e2e)
    _btod_ediv                               0x000037a9   Thumb Code    42  btod.o(CL$$btod_ediv)
    _btod_edivd                              0x000037d3   Thumb Code    42  btod.o(CL$$btod_edivd)
    _btod_emul                               0x000037fd   Thumb Code    42  btod.o(CL$$btod_emul)
    _btod_emuld                              0x00003827   Thumb Code    42  btod.o(CL$$btod_emuld)
    __btod_mult_common                       0x00003851   Thumb Code   580  btod.o(CL$$btod_mult_common)
    __ARM_fpclassify                         0x00003a95   Thumb Code    48  fpclassify.o(i.__ARM_fpclassify)
    __hardfp___mathlib_tofloat               0x00003ac9   Thumb Code   232  narrow.o(i.__hardfp___mathlib_tofloat)
    __hardfp_ldexp                           0x00003bc1   Thumb Code   200  ldexp.o(i.__hardfp_ldexp)
    __mathlib_dbl_overflow                   0x00003c91   Thumb Code    24  dunder.o(i.__mathlib_dbl_overflow)
    __mathlib_dbl_underflow                  0x00003cb1   Thumb Code    24  dunder.o(i.__mathlib_dbl_underflow)
    __mathlib_narrow                         0x00003cd1   Thumb Code    18  narrow.o(i.__mathlib_narrow)
    __support_ldexp                          0x00003ce3   Thumb Code    20  ldexp.o(i.__support_ldexp)
    _is_digit                                0x00003cf7   Thumb Code    14  __printf_wp.o(i._is_digit)
    frexp                                    0x00003d09   Thumb Code   118  frexp.o(i.frexp)
    _get_lc_numeric                          0x00003d95   Thumb Code    44  lc_numeric_c.o(locale$$code)
    _get_lc_ctype                            0x00003dc1   Thumb Code    44  lc_ctype_c.o(locale$$code)
    __aeabi_d2f                              0x00003ded   Thumb Code     0  d2f.o(x$fpl$d2f)
    _d2f                                     0x00003ded   Thumb Code    98  d2f.o(x$fpl$d2f)
    __fpl_dcheck_NaN1                        0x00003e51   Thumb Code    10  dcheck1.o(x$fpl$dcheck1)
    __fpl_dcmp_Inf                           0x00003e61   Thumb Code    24  dcmpi.o(x$fpl$dcmpinf)
    __aeabi_cdcmpeq                          0x00003e79   Thumb Code     0  deqf.o(x$fpl$deqf)
    _dcmpeq                                  0x00003e79   Thumb Code   120  deqf.o(x$fpl$deqf)
    __aeabi_cdcmple                          0x00003ef1   Thumb Code     0  dleqf.o(x$fpl$dleqf)
    _dcmple                                  0x00003ef1   Thumb Code   120  dleqf.o(x$fpl$dleqf)
    __fpl_dcmple_InfNaN                      0x00003f53   Thumb Code     0  dleqf.o(x$fpl$dleqf)
    __aeabi_dmul                             0x00003f69   Thumb Code     0  dmul.o(x$fpl$dmul)
    _dmul                                    0x00003f69   Thumb Code   332  dmul.o(x$fpl$dmul)
    __fpl_dnaninf                            0x000040bd   Thumb Code   156  dnaninf.o(x$fpl$dnaninf)
    __fpl_dretinf                            0x00004159   Thumb Code    12  dretinf.o(x$fpl$dretinf)
    __aeabi_cdrcmple                         0x00004165   Thumb Code     0  drleqf.o(x$fpl$drleqf)
    _drcmple                                 0x00004165   Thumb Code   108  drleqf.o(x$fpl$drleqf)
    _fp_init                                 0x000041d1   Thumb Code    26  fpinit.o(x$fpl$fpinit)
    __fplib_config_fpu_vfp                   0x000041e9   Thumb Code     0  fpinit.o(x$fpl$fpinit)
    __fplib_config_pureend_doubles           0x000041e9   Thumb Code     0  fpinit.o(x$fpl$fpinit)
    __fpl_fretinf                            0x000041eb   Thumb Code    10  fretinf.o(x$fpl$fretinf)
    __ieee_status                            0x000041f5   Thumb Code     6  istatus.o(x$fpl$ieeestatus)
    _printf_fp_dec                           0x000041fb   Thumb Code     4  printf1.o(x$fpl$printf1)
    _printf_fp_hex                           0x000041ff   Thumb Code     4  printf2.o(x$fpl$printf2)
    __fpl_return_NaN                         0x00004203   Thumb Code   100  retnan.o(x$fpl$retnan)
    __ARM_scalbn                             0x00004267   Thumb Code    92  scalbn.o(x$fpl$scalbn)
    _scanf_real                              0x000042c3   Thumb Code     4  scanf1.o(x$fpl$scanf1)
    _scanf_hex_real                          0x000042c7   Thumb Code     4  scanf2.o(x$fpl$scanf2)
    _scanf_infnan                            0x000042cb   Thumb Code     4  scanf2.o(x$fpl$scanf2)
    __fpl_cmpreturn                          0x000042cf   Thumb Code    48  trapv.o(x$fpl$trapveneer)
    __I$use$fp                               0x000042fe   Number         0  usenofp.o(x$fpl$usenofp)
    Region$$Table$$Base                      0x00004300   Number         0  anon$$obj.o(Region$$Table)
    Image$$ER_m_text$$Limit                  0x00004310   Number         0  anon$$obj.o ABSOLUTE
    Region$$Table$$Limit                     0x00004310   Number         0  anon$$obj.o(Region$$Table)
    Image$$VECTOR_RAM$$Base                  0x1fff8000   Number         0  anon$$obj.o ABSOLUTE
    Image$$RW_m_code$$Base                   0x1fff8400   Number         0  anon$$obj.o ABSOLUTE
    Image$$RW_m_code$$Limit                  0x1fff8400   Number         0  anon$$obj.o ABSOLUTE
    Image$$RW_m_data$$Base                   0x1fff8400   Number         0  anon$$obj.o ABSOLUTE
    Image$$RW_m_data$$Limit                  0x1fff8400   Number         0  anon$$obj.o ABSOLUTE
    Image$$RW_m_custom_section$$Base         0x20000000   Number         0  anon$$obj.o ABSOLUTE
    Image$$RW_m_custom_section$$Limit        0x20000000   Number         0  anon$$obj.o ABSOLUTE
    Image$$RW_m_data_2$$ZI$$Base             0x20000000   Number         0  anon$$obj.o ABSOLUTE
    __libspace_start                         0x20000000   Data          96  libspace.o(.bss)
    __temporary_stack_top$libspace           0x20000060   Data           0  libspace.o(.bss)
    Image$$ARM_LIB_HEAP$$ZI$$Base            0x20000458   Number         0  anon$$obj.o ABSOLUTE
    Image$$RW_m_data_2$$ZI$$Limit            0x20000458   Number         0  anon$$obj.o ABSOLUTE
    Image$$ARM_LIB_HEAP$$ZI$$Limit           0x20000858   Number         0  anon$$obj.o ABSOLUTE
    Image$$ARM_LIB_STACK$$Limit              0x20006c00   Number         0  anon$$obj.o ABSOLUTE
    Image$$ARM_LIB_STACK$$ZI$$Limit          0x20007000   Number         0  anon$$obj.o ABSOLUTE



==============================================================================

Memory Map of the image

  Image Entry point : 0x00000659

  Load Region LR_m_text (Base: 0x00000000, Size: 0x00004310, Max: 0x00080000, ABSOLUTE)

    Execution Region VECTOR_ROM (Exec base: 0x00000000, Load base: 0x00000000, Size: 0x00000230, Max: 0x00000400, ABSOLUTE)

    Exec Addr    Load Addr    Size         Type   Attr      Idx    E Section Name        Object

    0x00000000   0x00000000   0x00000230   Data   RO          101    RESET               startup_s32k144.o


    Execution Region ER_m_flash_config (Exec base: 0x00000400, Load base: 0x00000400, Size: 0x00000010, Max: 0x00000010, ABSOLUTE, FIXED)

    Exec Addr    Load Addr    Size         Type   Attr      Idx    E Section Name        Object

    0x00000400   0x00000400   0x00000010   Data   RO          102    FlashConfig         startup_s32k144.o


    Execution Region ER_m_text_const (Exec base: 0x00000410, Load base: 0x00000410, Size: 0x00000244, Max: 0xffffffff, ABSOLUTE)

    Exec Addr    Load Addr    Size         Type   Attr      Idx    E Section Name        Object

    0x00000410   0x00000410   0x00000008   Data   RO          151    .constdata          c_w.l(_printf_wctomb.o)
    0x00000418   0x00000418   0x00000028   Data   RO          180    .constdata          c_w.l(_printf_hex_int_ll_ptr.o)
    0x00000440   0x00000440   0x00000011   Data   RO          200    .constdata          c_w.l(__printf_flags_ss_wp.o)
    0x00000451   0x00000451   0x00000026   Data   RO          282    .constdata          c_w.l(_printf_fp_hex.o)
    0x00000477   0x00000477   0x00000001   PAD
    0x00000478   0x00000478   0x00000094   Data   RO          324    .constdata          c_w.l(bigflt0.o)
    0x0000050c   0x0000050c   0x00000004   Data   RO           94    .rodata.s_vectors   startup.o
    0x00000510   0x00000510   0x00000007   Data   RO           10    .rodata.str1.1      main.o
    0x00000517   0x00000517   0x00000001   PAD
    0x00000518   0x00000518   0x00000008   Data   RO          364    c$$dinf             fz_wm.l(fpconst.o)
    0x00000520   0x00000520   0x00000008   Data   RO          367    c$$dmax             fz_wm.l(fpconst.o)
    0x00000528   0x00000528   0x0000001c   Data   RO          353    locale$$data        c_w.l(lc_numeric_c.o)
    0x00000544   0x00000544   0x00000110   Data   RO          404    locale$$data        c_w.l(lc_ctype_c.o)


    Execution Region ER_m_text (Exec base: 0x00000658, Load base: 0x00000658, Size: 0x00003cb8, Max: 0x0007fbf0, ABSOLUTE)

    Exec Addr    Load Addr    Size         Type   Attr      Idx    E Section Name        Object

    0x00000658   0x00000658   0x00000008   Code   RO          131  * !!!main             c_w.l(__main.o)
    0x00000660   0x00000660   0x0000005c   Code   RO          611    !!!scatter          c_w.l(__scatter.o)
    0x000006bc   0x000006bc   0x00000002   Code   RO          612    !!handler_null      c_w.l(__scatter.o)
    0x000006be   0x000006be   0x00000002   PAD
    0x000006c0   0x000006c0   0x0000001c   Code   RO          615    !!handler_zi        c_w.l(__scatter_zi.o)
    0x000006dc   0x000006dc   0x00000000   Code   RO          215    .ARM.Collect$$_printf_percent$$00000000  c_w.l(_printf_percent.o)
    0x000006dc   0x000006dc   0x00000006   Code   RO          204    .ARM.Collect$$_printf_percent$$00000001  c_w.l(_printf_n.o)
    0x000006e2   0x000006e2   0x00000006   Code   RO          206    .ARM.Collect$$_printf_percent$$00000002  c_w.l(_printf_p.o)
    0x000006e8   0x000006e8   0x00000006   Code   RO          211    .ARM.Collect$$_printf_percent$$00000003  c_w.l(_printf_f.o)
    0x000006ee   0x000006ee   0x00000006   Code   RO          212    .ARM.Collect$$_printf_percent$$00000004  c_w.l(_printf_e.o)
    0x000006f4   0x000006f4   0x00000006   Code   RO          213    .ARM.Collect$$_printf_percent$$00000005  c_w.l(_printf_g.o)
    0x000006fa   0x000006fa   0x00000006   Code   RO          214    .ARM.Collect$$_printf_percent$$00000006  c_w.l(_printf_a.o)
    0x00000700   0x00000700   0x0000000a   Code   RO          219    .ARM.Collect$$_printf_percent$$00000007  c_w.l(_printf_ll.o)
    0x0000070a   0x0000070a   0x00000006   Code   RO          208    .ARM.Collect$$_printf_percent$$00000008  c_w.l(_printf_i.o)
    0x00000710   0x00000710   0x00000006   Code   RO          209    .ARM.Collect$$_printf_percent$$00000009  c_w.l(_printf_d.o)
    0x00000716   0x00000716   0x00000006   Code   RO          210    .ARM.Collect$$_printf_percent$$0000000A  c_w.l(_printf_u.o)
    0x0000071c   0x0000071c   0x00000006   Code   RO          207    .ARM.Collect$$_printf_percent$$0000000B  c_w.l(_printf_o.o)
    0x00000722   0x00000722   0x00000006   Code   RO          205    .ARM.Collect$$_printf_percent$$0000000C  c_w.l(_printf_x.o)
    0x00000728   0x00000728   0x00000006   Code   RO          216    .ARM.Collect$$_printf_percent$$0000000D  c_w.l(_printf_lli.o)
    0x0000072e   0x0000072e   0x00000006   Code   RO          217    .ARM.Collect$$_printf_percent$$0000000E  c_w.l(_printf_lld.o)
    0x00000734   0x00000734   0x00000006   Code   RO          218    .ARM.Collect$$_printf_percent$$0000000F  c_w.l(_printf_llu.o)
    0x0000073a   0x0000073a   0x00000006   Code   RO          223    .ARM.Collect$$_printf_percent$$00000010  c_w.l(_printf_llo.o)
    0x00000740   0x00000740   0x00000006   Code   RO          224    .ARM.Collect$$_printf_percent$$00000011  c_w.l(_printf_llx.o)
    0x00000746   0x00000746   0x0000000a   Code   RO          220    .ARM.Collect$$_printf_percent$$00000012  c_w.l(_printf_l.o)
    0x00000750   0x00000750   0x00000006   Code   RO          202    .ARM.Collect$$_printf_percent$$00000013  c_w.l(_printf_c.o)
    0x00000756   0x00000756   0x00000006   Code   RO          203    .ARM.Collect$$_printf_percent$$00000014  c_w.l(_printf_s.o)
    0x0000075c   0x0000075c   0x00000006   Code   RO          221    .ARM.Collect$$_printf_percent$$00000015  c_w.l(_printf_lc.o)
    0x00000762   0x00000762   0x00000006   Code   RO          222    .ARM.Collect$$_printf_percent$$00000016  c_w.l(_printf_ls.o)
    0x00000768   0x00000768   0x00000004   Code   RO          290    .ARM.Collect$$_printf_percent$$00000017  c_w.l(_printf_percent_end.o)
    0x0000076c   0x0000076c   0x00000002   Code   RO          363    .ARM.Collect$$libinit$$00000000  c_w.l(libinit.o)
    0x0000076e   0x0000076e   0x00000004   Code   RO          409    .ARM.Collect$$libinit$$00000001  c_w.l(libinit2.o)
    0x00000772   0x00000772   0x00000000   Code   RO          412    .ARM.Collect$$libinit$$00000004  c_w.l(libinit2.o)
    0x00000772   0x00000772   0x00000000   Code   RO          414    .ARM.Collect$$libinit$$00000006  c_w.l(libinit2.o)
    0x00000772   0x00000772   0x00000000   Code   RO          417    .ARM.Collect$$libinit$$0000000C  c_w.l(libinit2.o)
    0x00000772   0x00000772   0x00000000   Code   RO          419    .ARM.Collect$$libinit$$0000000E  c_w.l(libinit2.o)
    0x00000772   0x00000772   0x00000000   Code   RO          421    .ARM.Collect$$libinit$$00000010  c_w.l(libinit2.o)
    0x00000772   0x00000772   0x00000006   Code   RO          422    .ARM.Collect$$libinit$$00000011  c_w.l(libinit2.o)
    0x00000778   0x00000778   0x00000000   Code   RO          424    .ARM.Collect$$libinit$$00000013  c_w.l(libinit2.o)
    0x00000778   0x00000778   0x0000000c   Code   RO          425    .ARM.Collect$$libinit$$00000014  c_w.l(libinit2.o)
    0x00000784   0x00000784   0x00000000   Code   RO          426    .ARM.Collect$$libinit$$00000015  c_w.l(libinit2.o)
    0x00000784   0x00000784   0x00000000   Code   RO          428    .ARM.Collect$$libinit$$00000017  c_w.l(libinit2.o)
    0x00000784   0x00000784   0x0000000a   Code   RO          429    .ARM.Collect$$libinit$$00000018  c_w.l(libinit2.o)
    0x0000078e   0x0000078e   0x00000000   Code   RO          430    .ARM.Collect$$libinit$$00000019  c_w.l(libinit2.o)
    0x0000078e   0x0000078e   0x00000000   Code   RO          432    .ARM.Collect$$libinit$$0000001B  c_w.l(libinit2.o)
    0x0000078e   0x0000078e   0x00000000   Code   RO          434    .ARM.Collect$$libinit$$0000001D  c_w.l(libinit2.o)
    0x0000078e   0x0000078e   0x00000000   Code   RO          436    .ARM.Collect$$libinit$$0000001F  c_w.l(libinit2.o)
    0x0000078e   0x0000078e   0x00000000   Code   RO          438    .ARM.Collect$$libinit$$00000021  c_w.l(libinit2.o)
    0x0000078e   0x0000078e   0x00000000   Code   RO          440    .ARM.Collect$$libinit$$00000023  c_w.l(libinit2.o)
    0x0000078e   0x0000078e   0x00000000   Code   RO          442    .ARM.Collect$$libinit$$00000025  c_w.l(libinit2.o)
    0x0000078e   0x0000078e   0x00000000   Code   RO          444    .ARM.Collect$$libinit$$00000027  c_w.l(libinit2.o)
    0x0000078e   0x0000078e   0x00000000   Code   RO          448    .ARM.Collect$$libinit$$0000002E  c_w.l(libinit2.o)
    0x0000078e   0x0000078e   0x00000000   Code   RO          450    .ARM.Collect$$libinit$$00000030  c_w.l(libinit2.o)
    0x0000078e   0x0000078e   0x00000000   Code   RO          452    .ARM.Collect$$libinit$$00000032  c_w.l(libinit2.o)
    0x0000078e   0x0000078e   0x00000000   Code   RO          454    .ARM.Collect$$libinit$$00000034  c_w.l(libinit2.o)
    0x0000078e   0x0000078e   0x00000002   Code   RO          455    .ARM.Collect$$libinit$$00000035  c_w.l(libinit2.o)
    0x00000790   0x00000790   0x00000002   Code   RO          516    .ARM.Collect$$libshutdown$$00000000  c_w.l(libshutdown.o)
    0x00000792   0x00000792   0x00000000   Code   RO          546    .ARM.Collect$$libshutdown$$00000002  c_w.l(libshutdown2.o)
    0x00000792   0x00000792   0x00000000   Code   RO          548    .ARM.Collect$$libshutdown$$00000004  c_w.l(libshutdown2.o)
    0x00000792   0x00000792   0x00000000   Code   RO          551    .ARM.Collect$$libshutdown$$00000007  c_w.l(libshutdown2.o)
    0x00000792   0x00000792   0x00000000   Code   RO          554    .ARM.Collect$$libshutdown$$0000000A  c_w.l(libshutdown2.o)
    0x00000792   0x00000792   0x00000000   Code   RO          556    .ARM.Collect$$libshutdown$$0000000C  c_w.l(libshutdown2.o)
    0x00000792   0x00000792   0x00000000   Code   RO          559    .ARM.Collect$$libshutdown$$0000000F  c_w.l(libshutdown2.o)
    0x00000792   0x00000792   0x00000002   Code   RO          560    .ARM.Collect$$libshutdown$$00000010  c_w.l(libshutdown2.o)
    0x00000794   0x00000794   0x00000000   Code   RO          133    .ARM.Collect$$rtentry$$00000000  c_w.l(__rtentry.o)
    0x00000794   0x00000794   0x00000000   Code   RO          252    .ARM.Collect$$rtentry$$00000002  c_w.l(__rtentry2.o)
    0x00000794   0x00000794   0x00000004   Code   RO          266    .ARM.Collect$$rtentry$$00000007  c_w.l(__rtentry7.o)
    0x00000798   0x00000798   0x00000000   Code   RO          254    .ARM.Collect$$rtentry$$00000009  c_w.l(__rtentry2.o)
    0x00000798   0x00000798   0x00000004   Code   RO          255    .ARM.Collect$$rtentry$$0000000A  c_w.l(__rtentry2.o)
    0x0000079c   0x0000079c   0x00000000   Code   RO          257    .ARM.Collect$$rtentry$$0000000C  c_w.l(__rtentry2.o)
    0x0000079c   0x0000079c   0x00000008   Code   RO          258    .ARM.Collect$$rtentry$$0000000D  c_w.l(__rtentry2.o)
    0x000007a4   0x000007a4   0x00000004   Code   RO          267    .ARM.Collect$$rtentry$$00002718  c_w.l(__rtentry7.o)
    0x000007a8   0x000007a8   0x00000002   Code   RO          394    .ARM.Collect$$rtexit$$00000000  c_w.l(rtexit.o)
    0x000007aa   0x000007aa   0x00000000   Code   RO          476    .ARM.Collect$$rtexit$$00000002  c_w.l(rtexit2.o)
    0x000007aa   0x000007aa   0x00000004   Code   RO          477    .ARM.Collect$$rtexit$$00000003  c_w.l(rtexit2.o)
    0x000007ae   0x000007ae   0x00000006   Code   RO          478    .ARM.Collect$$rtexit$$00000004  c_w.l(rtexit2.o)
    0x000007b4   0x000007b4   0x0000009c   Code   RO          100    .text               startup_s32k144.o
    0x00000850   0x00000850   0x0000002c   Code   RO          125    .text               c_w.l(sprintf.o)
    0x0000087c   0x0000087c   0x0000003c   Code   RO          127    .text               c_w.l(sscanf.o)
    0x000008b8   0x000008b8   0x0000003e   Code   RO          129    .text               c_w.l(strlen.o)
    0x000008f6   0x000008f6   0x0000004e   Code   RO          136    .text               c_w.l(_printf_pad.o)
    0x00000944   0x00000944   0x00000024   Code   RO          138    .text               c_w.l(_printf_truncate.o)
    0x00000968   0x00000968   0x00000052   Code   RO          140    .text               c_w.l(_printf_str.o)
    0x000009ba   0x000009ba   0x00000002   PAD
    0x000009bc   0x000009bc   0x00000078   Code   RO          142    .text               c_w.l(_printf_dec.o)
    0x00000a34   0x00000a34   0x00000028   Code   RO          144    .text               c_w.l(_printf_charcount.o)
    0x00000a5c   0x00000a5c   0x00000030   Code   RO          146    .text               c_w.l(_printf_char_common.o)
    0x00000a8c   0x00000a8c   0x0000000a   Code   RO          148    .text               c_w.l(_sputc.o)
    0x00000a96   0x00000a96   0x00000002   PAD
    0x00000a98   0x00000a98   0x000000bc   Code   RO          150    .text               c_w.l(_printf_wctomb.o)
    0x00000b54   0x00000b54   0x0000007c   Code   RO          153    .text               c_w.l(_printf_longlong_dec.o)
    0x00000bd0   0x00000bd0   0x00000070   Code   RO          159    .text               c_w.l(_printf_oct_int_ll.o)
    0x00000c40   0x00000c40   0x00000094   Code   RO          179    .text               c_w.l(_printf_hex_int_ll_ptr.o)
    0x00000cd4   0x00000cd4   0x00000188   Code   RO          199    .text               c_w.l(__printf_flags_ss_wp.o)
    0x00000e5c   0x00000e5c   0x00000156   Code   RO          225    .text               c_w.l(_scanf_longlong.o)
    0x00000fb2   0x00000fb2   0x0000014c   Code   RO          227    .text               c_w.l(_scanf_int.o)
    0x000010fe   0x000010fe   0x000000e0   Code   RO          229    .text               c_w.l(_scanf_str.o)
    0x000011de   0x000011de   0x00000002   PAD
    0x000011e0   0x000011e0   0x0000002c   Code   RO          231    .text               c_w.l(scanf_char.o)
    0x0000120c   0x0000120c   0x00000040   Code   RO          233    .text               c_w.l(_sgetc.o)
    0x0000124c   0x0000124c   0x00000114   Code   RO          235    .text               c_w.l(_scanf_mbtowc.o)
    0x00001360   0x00001360   0x000000e8   Code   RO          237    .text               c_w.l(_scanf_wctomb.o)
    0x00001448   0x00001448   0x000000d0   Code   RO          239    .text               c_w.l(_scanf_wstr.o)
    0x00001518   0x00001518   0x0000008a   Code   RO          271    .text               c_w.l(lludiv10.o)
    0x000015a2   0x000015a2   0x00000012   Code   RO          273    .text               c_w.l(isspace.o)
    0x000015b4   0x000015b4   0x000000b2   Code   RO          275    .text               c_w.l(_printf_intcommon.o)
    0x00001666   0x00001666   0x0000041c   Code   RO          277    .text               c_w.l(_printf_fp_dec.o)
    0x00001a82   0x00001a82   0x00000002   PAD
    0x00001a84   0x00001a84   0x000002fc   Code   RO          281    .text               c_w.l(_printf_fp_hex.o)
    0x00001d80   0x00001d80   0x0000002c   Code   RO          286    .text               c_w.l(_printf_char.o)
    0x00001dac   0x00001dac   0x0000002c   Code   RO          288    .text               c_w.l(_printf_wchar.o)
    0x00001dd8   0x00001dd8   0x0000001c   Code   RO          291    .text               c_w.l(_chval.o)
    0x00001df4   0x00001df4   0x00000374   Code   RO          293    .text               c_w.l(_scanf.o)
    0x00002168   0x00002168   0x000004f8   Code   RO          295    .text               c_w.l(scanf_fp.o)
    0x00002660   0x00002660   0x0000001e   Code   RO          299    .text               c_w.l(_scanf_wcharmap.o)
    0x0000267e   0x0000267e   0x00000040   Code   RO          301    .text               c_w.l(_mbrtoc16.o)
    0x000026be   0x000026be   0x00000048   Code   RO          303    .text               c_w.l(_c16rtomb.o)
    0x00002706   0x00002706   0x00000002   PAD
    0x00002708   0x00002708   0x00000010   Code   RO          307    .text               c_w.l(rt_ctype_table.o)
    0x00002718   0x00002718   0x00000008   Code   RO          312    .text               c_w.l(rt_locale_intlibspace.o)
    0x00002720   0x00002720   0x00000008   Code   RO          317    .text               c_w.l(rt_errno_addr_intlibspace.o)
    0x00002728   0x00002728   0x00000026   Code   RO          319    .text               c_w.l(llshl.o)
    0x0000274e   0x0000274e   0x00000002   PAD
    0x00002750   0x00002750   0x00000080   Code   RO          321    .text               c_w.l(_printf_fp_infnan.o)
    0x000027d0   0x000027d0   0x000000e4   Code   RO          323    .text               c_w.l(bigflt0.o)
    0x000028b4   0x000028b4   0x00000012   Code   RO          356    .text               c_w.l(exit.o)
    0x000028c6   0x000028c6   0x00000016   Code   RO          396    .text               c_w.l(_rserrno.o)
    0x000028dc   0x000028dc   0x00000320   Code   RO          398    .text               c_w.l(scanf_hexfp.o)
    0x00002bfc   0x00002bfc   0x00000134   Code   RO          400    .text               c_w.l(scanf_infnan.o)
    0x00002d30   0x00002d30   0x0000007c   Code   RO          407    .text               c_w.l(strcmpv7em.o)
    0x00002dac   0x00002dac   0x00000002   Code   RO          472    .text               c_w.l(use_no_semi.o)
    0x00002dae   0x00002dae   0x00000000   Code   RO          474    .text               c_w.l(indicate_semi.o)
    0x00002dae   0x00002dae   0x00000002   PAD
    0x00002db0   0x00002db0   0x0000000c   Code   RO          506    .text               c_w.l(sys_exit.o)
    0x00002dbc   0x00002dbc   0x0000004e   Code   RO           80    .text.LPIT0_Ch0_IRQHandler  port_irqhandler.o
    0x00002e0a   0x00002e0a   0x00000002   PAD
    0x00002e0c   0x00002e0c   0x00000012   Code   RO           82    .text.PORTC_IRQHandler  port_irqhandler.o
    0x00002e1e   0x00002e1e   0x00000002   PAD
    0x00002e20   0x00002e20   0x00000012   Code   RO           78    .text.PORTD_IRQHandler  port_irqhandler.o
    0x00002e32   0x00002e32   0x00000002   PAD
    0x00002e34   0x00002e34   0x00000052   Code   RO          109    .text.SystemInit    system_s32k144.o
    0x00002e86   0x00002e86   0x00000002   PAD
    0x00002e88   0x00002e88   0x000000a0   Code   RO           92    .text.init_data_bss  startup.o
    0x00002f28   0x00002f28   0x0000009a   Code   RO           61    .text.init_lpuart   lpuart.o
    0x00002fc2   0x00002fc2   0x00000002   PAD
    0x00002fc4   0x00002fc4   0x0000014c   Code   RO            5    .text.main          main.o
    0x00003110   0x00003110   0x0000008a   Code   RO           18    .text.set_firc_sysclk  clock.o
    0x0000319a   0x0000319a   0x00000002   PAD
    0x0000319c   0x0000319c   0x0000003c   Code   RO           65    .text.transmitter_1_character  lpuart.o
    0x000031d8   0x000031d8   0x00000054   Code   RO           67    .text.transmitter_1_string  lpuart.o
    0x0000322c   0x0000322c   0x0000003e   Code   RO          326    CL$$btod_d2e        c_w.l(btod.o)
    0x0000326a   0x0000326a   0x00000046   Code   RO          328    CL$$btod_d2e_denorm_low  c_w.l(btod.o)
    0x000032b0   0x000032b0   0x00000060   Code   RO          327    CL$$btod_d2e_norm_op1  c_w.l(btod.o)
    0x00003310   0x00003310   0x00000338   Code   RO          336    CL$$btod_div_common  c_w.l(btod.o)
    0x00003648   0x00003648   0x00000084   Code   RO          334    CL$$btod_e2d        c_w.l(btod.o)
    0x000036cc   0x000036cc   0x000000dc   Code   RO          333    CL$$btod_e2e        c_w.l(btod.o)
    0x000037a8   0x000037a8   0x0000002a   Code   RO          330    CL$$btod_ediv       c_w.l(btod.o)
    0x000037d2   0x000037d2   0x0000002a   Code   RO          332    CL$$btod_edivd      c_w.l(btod.o)
    0x000037fc   0x000037fc   0x0000002a   Code   RO          329    CL$$btod_emul       c_w.l(btod.o)
    0x00003826   0x00003826   0x0000002a   Code   RO          331    CL$$btod_emuld      c_w.l(btod.o)
    0x00003850   0x00003850   0x00000244   Code   RO          335    CL$$btod_mult_common  c_w.l(btod.o)
    0x00003a94   0x00003a94   0x00000030   Code   RO          377    i.__ARM_fpclassify  m_wm.l(fpclassify.o)
    0x00003ac4   0x00003ac4   0x00000004   PAD
    0x00003ac8   0x00003ac8   0x000000f8   Code   RO          379    i.__hardfp___mathlib_tofloat  m_wm.l(narrow.o)
    0x00003bc0   0x00003bc0   0x000000d0   Code   RO          498    i.__hardfp_ldexp    m_wm.l(ldexp.o)
    0x00003c90   0x00003c90   0x00000020   Code   RO          525    i.__mathlib_dbl_overflow  m_wm.l(dunder.o)
    0x00003cb0   0x00003cb0   0x00000020   Code   RO          527    i.__mathlib_dbl_underflow  m_wm.l(dunder.o)
    0x00003cd0   0x00003cd0   0x00000012   Code   RO          380    i.__mathlib_narrow  m_wm.l(narrow.o)
    0x00003ce2   0x00003ce2   0x00000014   Code   RO          500    i.__support_ldexp   m_wm.l(ldexp.o)
    0x00003cf6   0x00003cf6   0x0000000e   Code   RO          192    i._is_digit         c_w.l(__printf_wp.o)
    0x00003d04   0x00003d04   0x00000004   PAD
    0x00003d08   0x00003d08   0x0000008c   Code   RO          468    i.frexp             m_wm.l(frexp.o)
    0x00003d94   0x00003d94   0x0000002c   Code   RO          354    locale$$code        c_w.l(lc_numeric_c.o)
    0x00003dc0   0x00003dc0   0x0000002c   Code   RO          405    locale$$code        c_w.l(lc_ctype_c.o)
    0x00003dec   0x00003dec   0x00000062   Code   RO          460    x$fpl$d2f           fz_wm.l(d2f.o)
    0x00003e4e   0x00003e4e   0x00000002   PAD
    0x00003e50   0x00003e50   0x00000010   Code   RO          567    x$fpl$dcheck1       fz_wm.l(dcheck1.o)
    0x00003e60   0x00003e60   0x00000018   Code   RO          486    x$fpl$dcmpinf       fz_wm.l(dcmpi.o)
    0x00003e78   0x00003e78   0x00000078   Code   RO          462    x$fpl$deqf          fz_wm.l(deqf.o)
    0x00003ef0   0x00003ef0   0x00000078   Code   RO          488    x$fpl$dleqf         fz_wm.l(dleqf.o)
    0x00003f68   0x00003f68   0x00000154   Code   RO          490    x$fpl$dmul          fz_wm.l(dmul.o)
    0x000040bc   0x000040bc   0x0000009c   Code   RO          492    x$fpl$dnaninf       fz_wm.l(dnaninf.o)
    0x00004158   0x00004158   0x0000000c   Code   RO          517    x$fpl$dretinf       fz_wm.l(dretinf.o)
    0x00004164   0x00004164   0x0000006c   Code   RO          464    x$fpl$drleqf        fz_wm.l(drleqf.o)
    0x000041d0   0x000041d0   0x0000001a   Code   RO          494    x$fpl$fpinit        fz_wm.l(fpinit.o)
    0x000041ea   0x000041ea   0x0000000a   Code   RO          496    x$fpl$fretinf       fz_wm.l(fretinf.o)
    0x000041f4   0x000041f4   0x00000006   Code   RO          368    x$fpl$ieeestatus    fz_wm.l(istatus.o)
    0x000041fa   0x000041fa   0x00000004   Code   RO          241    x$fpl$printf1       fz_wm.l(printf1.o)
    0x000041fe   0x000041fe   0x00000004   Code   RO          243    x$fpl$printf2       fz_wm.l(printf2.o)
    0x00004202   0x00004202   0x00000064   Code   RO          579    x$fpl$retnan        fz_wm.l(retnan.o)
    0x00004266   0x00004266   0x0000005c   Code   RO          519    x$fpl$scalbn        fz_wm.l(scalbn.o)
    0x000042c2   0x000042c2   0x00000004   Code   RO          249    x$fpl$scanf1        fz_wm.l(scanf1.o)
    0x000042c6   0x000042c6   0x00000008   Code   RO          370    x$fpl$scanf2        fz_wm.l(scanf2.o)
    0x000042ce   0x000042ce   0x00000030   Code   RO          585    x$fpl$trapveneer    fz_wm.l(trapv.o)
    0x000042fe   0x000042fe   0x00000000   Code   RO          376    x$fpl$usenofp       fz_wm.l(usenofp.o)
    0x000042fe   0x000042fe   0x00000002   PAD
    0x00004300   0x00004300   0x00000010   Data   RO          610    Region$$Table       anon$$obj.o


    Execution Region VECTOR_RAM (Exec base: 0x1fff8000, Load base: 0x00000230, Size: 0x00000400, Max: 0x00000400, ABSOLUTE)

    Exec Addr    Load Addr    Size         Type   Attr      Idx    E Section Name        Object

    0x1fff8000        -       0x00000400   Zero   RW            1    VECTOR_RAM.bss      anon$$obj.o


    Execution Region RW_m_data (Exec base: 0x1fff8400, Load base: 0x00004310, Size: 0x00000000, Max: 0xffffffff, ABSOLUTE)

    **** No section assigned to this execution region ****


    Execution Region RW_m_code (Exec base: 0x1fff8400, Load base: 0x00004310, Size: 0x00000000, Max: 0x00007c00, ABSOLUTE)

    **** No section assigned to this execution region ****


    Execution Region RW_m_custom_section (Exec base: 0x20000000, Load base: 0x00004310, Size: 0x00000000, Max: 0xffffffff, ABSOLUTE)

    **** No section assigned to this execution region ****


    Execution Region RW_m_data_2 (Exec base: 0x20000000, Load base: 0x00004310, Size: 0x00000458, Max: 0x00006800, ABSOLUTE)

    Exec Addr    Load Addr    Size         Type   Attr      Idx    E Section Name        Object

    0x20000000        -       0x00000060   Zero   RW          388    .bss                c_w.l(libspace.o)
    0x20000060        -       0x00000004   Zero   RW           84    .bss.i              port_irqhandler.o
    0x20000064        -       0x00000004   Zero   RW            8    .bss.index          main.o
    0x20000068        -       0x00000004   Zero   RW            7    .bss.process        main.o
    0x2000006c        -       0x000003e9   Zero   RW            9    .bss.string_user    main.o


    Execution Region ARM_LIB_HEAP (Exec base: 0x20000458, Load base: 0x00004310, Size: 0x00000400, Max: 0x00000400, ABSOLUTE)

    Exec Addr    Load Addr    Size         Type   Attr      Idx    E Section Name        Object

    0x20000458        -       0x00000400   Zero   RW            2    ARM_LIB_HEAP.bss    anon$$obj.o


    Execution Region ARM_LIB_STACK (Exec base: 0x20006c00, Load base: 0x00004310, Size: 0x00000400, Max: 0x00000400, ABSOLUTE)

    Exec Addr    Load Addr    Size         Type   Attr      Idx    E Section Name        Object

    0x20006c00        -       0x00000400   Zero   RW            3    ARM_LIB_STACK.bss   anon$$obj.o


==============================================================================

Image component sizes


      Code (inc. data)   RO Data    RW Data    ZI Data      Debug   Object Name

       138          0          0          0          0       6732   clock.o
       298          0          0          0          0       9310   lpuart.o
       332          0          7          0       1009       1254   main.o
       114          0          0          0          4       5192   port_irqhandler.o
       160          0          4          0          0       1056   startup.o
       156        106        576          0          0        912   startup_s32k144.o
        82          0          0          0          0       2826   system_s32k144.o

    ----------------------------------------------------------------------
      1292        106        604          0       4088      27282   Object Totals
         0          0         16          0       3072          0   (incl. Generated)
        12          0          1          0          3          0   (incl. Padding)

    ----------------------------------------------------------------------

      Code (inc. data)   RO Data    RW Data    ZI Data      Debug   Library Member Name

         8          0          0          0          0         68   __main.o
       392          4         17          0          0         92   __printf_flags_ss_wp.o
        14          0          0          0          0         68   __printf_wp.o
         0          0          0          0          0          0   __rtentry.o
        12          0          0          0          0          0   __rtentry2.o
         8          4          0          0          0          0   __rtentry7.o
        94          8          0          0          0          0   __scatter.o
        28          0          0          0          0          0   __scatter_zi.o
        72          0          0          0          0         96   _c16rtomb.o
        28          0          0          0          0         68   _chval.o
        64          0          0          0          0         84   _mbrtoc16.o
         6          0          0          0          0          0   _printf_a.o
         6          0          0          0          0          0   _printf_c.o
        44          0          0          0          0        108   _printf_char.o
        48          6          0          0          0         96   _printf_char_common.o
        40          0          0          0          0         68   _printf_charcount.o
         6          0          0          0          0          0   _printf_d.o
       120         16          0          0          0         92   _printf_dec.o
         6          0          0          0          0          0   _printf_e.o
         6          0          0          0          0          0   _printf_f.o
      1052          0          0          0          0        148   _printf_fp_dec.o
       764          8         38          0          0        100   _printf_fp_hex.o
       128         16          0          0          0         84   _printf_fp_infnan.o
         6          0          0          0          0          0   _printf_g.o
       148          4         40          0          0        160   _printf_hex_int_ll_ptr.o
         6          0          0          0          0          0   _printf_i.o
       178          0          0          0          0         88   _printf_intcommon.o
        10          0          0          0          0          0   _printf_l.o
         6          0          0          0          0          0   _printf_lc.o
        10          0          0          0          0          0   _printf_ll.o
         6          0          0          0          0          0   _printf_lld.o
         6          0          0          0          0          0   _printf_lli.o
         6          0          0          0          0          0   _printf_llo.o
         6          0          0          0          0          0   _printf_llu.o
         6          0          0          0          0          0   _printf_llx.o
       124         16          0          0          0         92   _printf_longlong_dec.o
         6          0          0          0          0          0   _printf_ls.o
         6          0          0          0          0          0   _printf_n.o
         6          0          0          0          0          0   _printf_o.o
       112          8          0          0          0        124   _printf_oct_int_ll.o
         6          0          0          0          0          0   _printf_p.o
        78          0          0          0          0        108   _printf_pad.o
         0          0          0          0          0          0   _printf_percent.o
         4          0          0          0          0          0   _printf_percent_end.o
         6          0          0          0          0          0   _printf_s.o
        82          0          0          0          0         80   _printf_str.o
        36          0          0          0          0         84   _printf_truncate.o
         6          0          0          0          0          0   _printf_u.o
        44          0          0          0          0        108   _printf_wchar.o
       188          6          8          0          0         92   _printf_wctomb.o
         6          0          0          0          0          0   _printf_x.o
        22          0          0          0          0        100   _rserrno.o
       884          6          0          0          0        100   _scanf.o
       332          0          0          0          0         96   _scanf_int.o
       342          0          0          0          0        100   _scanf_longlong.o
       276          0          0          0          0        100   _scanf_mbtowc.o
       224          0          0          0          0         96   _scanf_str.o
        30          0          0          0          0         76   _scanf_wcharmap.o
       232          0          0          0          0        100   _scanf_wctomb.o
       208          0          0          0          0         96   _scanf_wstr.o
        64          0          0          0          0         84   _sgetc.o
        10          0          0          0          0         68   _sputc.o
       228          4        148          0          0         96   bigflt0.o
      2152        136          0          0          0        956   btod.o
        18          0          0          0          0         80   exit.o
         0          0          0          0          0          0   indicate_semi.o
        18          0          0          0          0         76   isspace.o
        44         10        272          0          0         76   lc_ctype_c.o
        44         10         28          0          0         76   lc_numeric_c.o
         2          0          0          0          0          0   libinit.o
        34          0          0          0          0          0   libinit2.o
         2          0          0          0          0          0   libshutdown.o
         2          0          0          0          0          0   libshutdown2.o
         0          0          0          0         96          0   libspace.o
        38          0          0          0          0         68   llshl.o
       138          0          0          0          0         80   lludiv10.o
        16          4          0          0          0         76   rt_ctype_table.o
         8          4          0          0          0         68   rt_errno_addr_intlibspace.o
         8          4          0          0          0         68   rt_locale_intlibspace.o
         2          0          0          0          0          0   rtexit.o
        10          0          0          0          0          0   rtexit2.o
        44          8          0          0          0         84   scanf_char.o
      1272         16          0          0          0        168   scanf_fp.o
       800         14          0          0          0        100   scanf_hexfp.o
       308         16          0          0          0        100   scanf_infnan.o
        44          6          0          0          0         84   sprintf.o
        60          8          0          0          0         84   sscanf.o
       124          0          0          0          0         88   strcmpv7em.o
        62          0          0          0          0         76   strlen.o
        12          4          0          0          0         68   sys_exit.o
         2          0          0          0          0         68   use_no_semi.o
        98          4          0          0          0        140   d2f.o
        16          4          0          0          0        116   dcheck1.o
        24          0          0          0          0        116   dcmpi.o
       120          4          0          0          0        140   deqf.o
       120          4          0          0          0        140   dleqf.o
       340         12          0          0          0        152   dmul.o
       156          4          0          0          0        140   dnaninf.o
        12          0          0          0          0        116   dretinf.o
       108          0          0          0          0        128   drleqf.o
         0          0         16          0          0          0   fpconst.o
        26          0          0          0          0        116   fpinit.o
        10          0          0          0          0        116   fretinf.o
         6          0          0          0          0        116   istatus.o
         4          0          0          0          0        116   printf1.o
         4          0          0          0          0        116   printf2.o
       100          0          0          0          0        116   retnan.o
        92          0          0          0          0        116   scalbn.o
         4          0          0          0          0        116   scanf1.o
         8          0          0          0          0        132   scanf2.o
        48          0          0          0          0        116   trapv.o
         0          0          0          0          0          0   usenofp.o
        64         16          0          0          0        248   dunder.o
        48          0          0          0          0        124   fpclassify.o
       140         22          0          0          0        132   frexp.o
       228          8          0          0          0        308   ldexp.o
       266         16          0          0          0        308   narrow.o

    ----------------------------------------------------------------------
     14236        440        568          0         96       9248   Library Totals
        28          0          1          0          0          0   (incl. Padding)

    ----------------------------------------------------------------------

      Code (inc. data)   RO Data    RW Data    ZI Data      Debug   Library Name

     12166        346        551          0         96       5764   c_w.l
      1296         32         16          0          0       2364   fz_wm.l
       746         62          0          0          0       1120   m_wm.l

    ----------------------------------------------------------------------
     14236        440        568          0         96       9248   Library Totals

    ----------------------------------------------------------------------

==============================================================================


      Code (inc. data)   RO Data    RW Data    ZI Data      Debug   

     15528        546       1172          0       4184      30810   Grand Totals
     15528        546       1172          0       4184      30810   ELF Image Totals
     15528        546       1172          0          0          0   ROM Totals

==============================================================================

    Total RO  Size (Code + RO Data)                16700 (  16.31kB)
    Total RW  Size (RW Data + ZI Data)              4184 (   4.09kB)
    Total ROM Size (Code + RO Data + RW Data)      16700 (  16.31kB)

==============================================================================

